Component: ARM Compiler 6.16 Tool: armlink [5dfeaa00]

==============================================================================

Section Cross References

    lcd.o(.ARM.exidx.text.init_lcd_pins) refers to lcd.o(.text.init_lcd_pins) for [Anonymous Symbol]
    lcd.o(.ARM.exidx.text.delay_ms) refers to lcd.o(.text.delay_ms) for [Anonymous Symbol]
    lcd.o(.text.lcd_write_instruc) refers to lcd.o(.text.write_to_data_pins) for write_to_data_pins
    lcd.o(.ARM.exidx.text.lcd_write_instruc) refers to lcd.o(.text.lcd_write_instruc) for [Anonymous Symbol]
    lcd.o(.ARM.exidx.text.write_to_data_pins) refers to lcd.o(.text.write_to_data_pins) for [Anonymous Symbol]
    lcd.o(.text.lcd_write_char) refers to lcd.o(.text.write_to_data_pins) for write_to_data_pins
    lcd.o(.ARM.exidx.text.lcd_write_char) refers to lcd.o(.text.lcd_write_char) for [Anonymous Symbol]
    lcd.o(.text.lcd_init) refers to lcd.o(.text.lcd_write_instruc) for lcd_write_instruc
    lcd.o(.ARM.exidx.text.lcd_init) refers to lcd.o(.text.lcd_init) for [Anonymous Symbol]
    lcd.o(.text.lcd_clear) refers to lcd.o(.text.lcd_write_instruc) for lcd_write_instruc
    lcd.o(.ARM.exidx.text.lcd_clear) refers to lcd.o(.text.lcd_clear) for [Anonymous Symbol]
    lcd.o(.text.lcd_goto) refers to lcd.o(.text.lcd_write_instruc) for lcd_write_instruc
    lcd.o(.ARM.exidx.text.lcd_goto) refers to lcd.o(.text.lcd_goto) for [Anonymous Symbol]
    lcd.o(.text.lcd_write_string) refers to lcd.o(.text.lcd_write_char) for lcd_write_char
    lcd.o(.ARM.exidx.text.lcd_write_string) refers to lcd.o(.text.lcd_write_string) for [Anonymous Symbol]
    lcd.o(.text.lcd_scroll_right) refers to lcd.o(.text.lcd_clear) for lcd_clear
    lcd.o(.text.lcd_scroll_right) refers to lcd.o(.text.lcd_goto) for lcd_goto
    lcd.o(.text.lcd_scroll_right) refers to lcd.o(.text.lcd_write_string) for lcd_write_string
    lcd.o(.text.lcd_scroll_right) refers to lcd.o(.bss.lcd_scroll_right.column_position) for [Anonymous Symbol]
    lcd.o(.ARM.exidx.text.lcd_scroll_right) refers to lcd.o(.text.lcd_scroll_right) for [Anonymous Symbol]
    lcd.o(.text.lcd_scroll_screen) refers to strlen.o(.text) for strlen
    lcd.o(.text.lcd_scroll_screen) refers to lcd.o(.text.lcd_write_string) for lcd_write_string
    lcd.o(.text.lcd_scroll_screen) refers to lcd.o(.text.lcd_write_instruc) for lcd_write_instruc
    lcd.o(.text.lcd_scroll_screen) refers to lcd.o(.text.lcd_write_char) for lcd_write_char
    lcd.o(.ARM.exidx.text.lcd_scroll_screen) refers to lcd.o(.text.lcd_scroll_screen) for [Anonymous Symbol]
    main.o(.text) refers (Special) to _printf_d.o(.ARM.Collect$$_printf_percent$$00000009) for _printf_d
    main.o(.text) refers (Special) to _printf_dec.o(.text) for _printf_int_dec
    main.o(.text) refers (Special) to _printf_percent.o(.ARM.Collect$$_printf_percent$$00000000) for _printf_percent
    main.o(.text.delayMs) refers (Special) to _printf_d.o(.ARM.Collect$$_printf_percent$$00000009) for _printf_d
    main.o(.text.delayMs) refers (Special) to _printf_dec.o(.text) for _printf_int_dec
    main.o(.text.delayMs) refers (Special) to _printf_percent.o(.ARM.Collect$$_printf_percent$$00000000) for _printf_percent
    main.o(.ARM.exidx.text.delayMs) refers (Special) to _printf_d.o(.ARM.Collect$$_printf_percent$$00000009) for _printf_d
    main.o(.ARM.exidx.text.delayMs) refers (Special) to _printf_dec.o(.text) for _printf_int_dec
    main.o(.ARM.exidx.text.delayMs) refers (Special) to _printf_percent.o(.ARM.Collect$$_printf_percent$$00000000) for _printf_percent
    main.o(.ARM.exidx.text.delayMs) refers to main.o(.text.delayMs) for [Anonymous Symbol]
    main.o(.text.main) refers (Special) to _printf_d.o(.ARM.Collect$$_printf_percent$$00000009) for _printf_d
    main.o(.text.main) refers (Special) to _printf_dec.o(.text) for _printf_int_dec
    main.o(.text.main) refers (Special) to _printf_percent.o(.ARM.Collect$$_printf_percent$$00000000) for _printf_percent
    main.o(.text.main) refers to lcd.o(.text.init_lcd_pins) for init_lcd_pins
    main.o(.text.main) refers to ultrasonic_on_lcd.o(.text.init_pins) for init_pins
    main.o(.text.main) refers to ultrasonic_on_lcd.o(.text.init_timer) for init_timer
    main.o(.text.main) refers to lcd.o(.text.lcd_init) for lcd_init
    main.o(.text.main) refers to lcd.o(.text.lcd_clear) for lcd_clear
    main.o(.text.main) refers to lcd.o(.text.lcd_goto) for lcd_goto
    main.o(.text.main) refers to lcd.o(.text.lcd_write_string) for lcd_write_string
    main.o(.text.main) refers to noretval__2sprintf.o(.text) for __2sprintf
    main.o(.text.main) refers to main.o(.bss.j) for j
    main.o(.text.main) refers to main.o(.bss.count) for count
    main.o(.text.main) refers to main.o(.bss.distance) for distance
    main.o(.text.main) refers to main.o(.bss.current) for current
    main.o(.text.main) refers to main.o(.bss.previous) for previous
    main.o(.text.main) refers to main.o(.bss.temparea) for temparea
    main.o(.text.main) refers to main.o(.bss.i) for i
    main.o(.text.main) refers to main.o(.rodata.steps) for steps
    main.o(.text.main) refers to main.o(.bss.m) for m
    main.o(.text.main) refers to main.o(.bss.finishflag) for finishflag
    main.o(.text.main) refers to main.o(.bss.pompa) for pompa
    main.o(.text.main) refers to main.o(.bss.buffer) for buffer
    main.o(.text.main) refers to main.o(.bss.f) for f
    main.o(.ARM.exidx.text.main) refers (Special) to _printf_d.o(.ARM.Collect$$_printf_percent$$00000009) for _printf_d
    main.o(.ARM.exidx.text.main) refers (Special) to _printf_dec.o(.text) for _printf_int_dec
    main.o(.ARM.exidx.text.main) refers (Special) to _printf_percent.o(.ARM.Collect$$_printf_percent$$00000000) for _printf_percent
    main.o(.ARM.exidx.text.main) refers to main.o(.text.main) for [Anonymous Symbol]
    main.o(.text.TPM1_IRQHandler) refers (Special) to _printf_d.o(.ARM.Collect$$_printf_percent$$00000009) for _printf_d
    main.o(.text.TPM1_IRQHandler) refers (Special) to _printf_dec.o(.text) for _printf_int_dec
    main.o(.text.TPM1_IRQHandler) refers (Special) to _printf_percent.o(.ARM.Collect$$_printf_percent$$00000000) for _printf_percent
    main.o(.text.TPM1_IRQHandler) refers to dflti.o(.text) for __aeabi_ui2d
    main.o(.text.TPM1_IRQHandler) refers to dmul.o(.text) for __aeabi_dmul
    main.o(.text.TPM1_IRQHandler) refers to dfixi.o(.text) for __aeabi_d2iz
    main.o(.text.TPM1_IRQHandler) refers to main.o(.bss.TPM1_IRQHandler.ctr) for [Anonymous Symbol]
    main.o(.text.TPM1_IRQHandler) refers to main.o(.bss.TPM1_IRQHandler.previous) for [Anonymous Symbol]
    main.o(.text.TPM1_IRQHandler) refers to main.o(.bss.interval) for interval
    main.o(.text.TPM1_IRQHandler) refers to main.o(.bss.distance) for distance
    main.o(.ARM.exidx.text.TPM1_IRQHandler) refers (Special) to _printf_d.o(.ARM.Collect$$_printf_percent$$00000009) for _printf_d
    main.o(.ARM.exidx.text.TPM1_IRQHandler) refers (Special) to _printf_dec.o(.text) for _printf_int_dec
    main.o(.ARM.exidx.text.TPM1_IRQHandler) refers (Special) to _printf_percent.o(.ARM.Collect$$_printf_percent$$00000000) for _printf_percent
    main.o(.ARM.exidx.text.TPM1_IRQHandler) refers to main.o(.text.TPM1_IRQHandler) for [Anonymous Symbol]
    main.o(.text.calculate_time) refers (Special) to _printf_d.o(.ARM.Collect$$_printf_percent$$00000009) for _printf_d
    main.o(.text.calculate_time) refers (Special) to _printf_dec.o(.text) for _printf_int_dec
    main.o(.text.calculate_time) refers (Special) to _printf_percent.o(.ARM.Collect$$_printf_percent$$00000000) for _printf_percent
    main.o(.text.calculate_time) refers to aeabi_sdivfast.o(.text_divfast) for __aeabi_idiv
    main.o(.ARM.exidx.text.calculate_time) refers (Special) to _printf_d.o(.ARM.Collect$$_printf_percent$$00000009) for _printf_d
    main.o(.ARM.exidx.text.calculate_time) refers (Special) to _printf_dec.o(.text) for _printf_int_dec
    main.o(.ARM.exidx.text.calculate_time) refers (Special) to _printf_percent.o(.ARM.Collect$$_printf_percent$$00000000) for _printf_percent
    main.o(.ARM.exidx.text.calculate_time) refers to main.o(.text.calculate_time) for [Anonymous Symbol]
    main.o(.text.calculate_distance) refers (Special) to _printf_d.o(.ARM.Collect$$_printf_percent$$00000009) for _printf_d
    main.o(.text.calculate_distance) refers (Special) to _printf_dec.o(.text) for _printf_int_dec
    main.o(.text.calculate_distance) refers (Special) to _printf_percent.o(.ARM.Collect$$_printf_percent$$00000000) for _printf_percent
    main.o(.ARM.exidx.text.calculate_distance) refers (Special) to _printf_d.o(.ARM.Collect$$_printf_percent$$00000009) for _printf_d
    main.o(.ARM.exidx.text.calculate_distance) refers (Special) to _printf_dec.o(.text) for _printf_int_dec
    main.o(.ARM.exidx.text.calculate_distance) refers (Special) to _printf_percent.o(.ARM.Collect$$_printf_percent$$00000000) for _printf_percent
    main.o(.ARM.exidx.text.calculate_distance) refers to main.o(.text.calculate_distance) for [Anonymous Symbol]
    main.o(.data.delay) refers (Special) to _printf_d.o(.ARM.Collect$$_printf_percent$$00000009) for _printf_d
    main.o(.data.delay) refers (Special) to _printf_dec.o(.text) for _printf_int_dec
    main.o(.data.delay) refers (Special) to _printf_percent.o(.ARM.Collect$$_printf_percent$$00000000) for _printf_percent
    main.o(.bss.direction) refers (Special) to _printf_d.o(.ARM.Collect$$_printf_percent$$00000009) for _printf_d
    main.o(.bss.direction) refers (Special) to _printf_dec.o(.text) for _printf_int_dec
    main.o(.bss.direction) refers (Special) to _printf_percent.o(.ARM.Collect$$_printf_percent$$00000000) for _printf_percent
    main.o(.bss.count) refers (Special) to _printf_d.o(.ARM.Collect$$_printf_percent$$00000009) for _printf_d
    main.o(.bss.count) refers (Special) to _printf_dec.o(.text) for _printf_int_dec
    main.o(.bss.count) refers (Special) to _printf_percent.o(.ARM.Collect$$_printf_percent$$00000000) for _printf_percent
    main.o(.bss.finishflag) refers (Special) to _printf_d.o(.ARM.Collect$$_printf_percent$$00000009) for _printf_d
    main.o(.bss.finishflag) refers (Special) to _printf_dec.o(.text) for _printf_int_dec
    main.o(.bss.finishflag) refers (Special) to _printf_percent.o(.ARM.Collect$$_printf_percent$$00000000) for _printf_percent
    main.o(.bss.pompa) refers (Special) to _printf_d.o(.ARM.Collect$$_printf_percent$$00000009) for _printf_d
    main.o(.bss.pompa) refers (Special) to _printf_dec.o(.text) for _printf_int_dec
    main.o(.bss.pompa) refers (Special) to _printf_percent.o(.ARM.Collect$$_printf_percent$$00000000) for _printf_percent
    main.o(.bss.previous) refers (Special) to _printf_d.o(.ARM.Collect$$_printf_percent$$00000009) for _printf_d
    main.o(.bss.previous) refers (Special) to _printf_dec.o(.text) for _printf_int_dec
    main.o(.bss.previous) refers (Special) to _printf_percent.o(.ARM.Collect$$_printf_percent$$00000000) for _printf_percent
    main.o(.bss.current) refers (Special) to _printf_d.o(.ARM.Collect$$_printf_percent$$00000009) for _printf_d
    main.o(.bss.current) refers (Special) to _printf_dec.o(.text) for _printf_int_dec
    main.o(.bss.current) refers (Special) to _printf_percent.o(.ARM.Collect$$_printf_percent$$00000000) for _printf_percent
    main.o(.bss.interval) refers (Special) to _printf_d.o(.ARM.Collect$$_printf_percent$$00000009) for _printf_d
    main.o(.bss.interval) refers (Special) to _printf_dec.o(.text) for _printf_int_dec
    main.o(.bss.interval) refers (Special) to _printf_percent.o(.ARM.Collect$$_printf_percent$$00000000) for _printf_percent
    main.o(.rodata.steps) refers (Special) to _printf_d.o(.ARM.Collect$$_printf_percent$$00000009) for _printf_d
    main.o(.rodata.steps) refers (Special) to _printf_dec.o(.text) for _printf_int_dec
    main.o(.rodata.steps) refers (Special) to _printf_percent.o(.ARM.Collect$$_printf_percent$$00000000) for _printf_percent
    main.o(.bss.i) refers (Special) to _printf_d.o(.ARM.Collect$$_printf_percent$$00000009) for _printf_d
    main.o(.bss.i) refers (Special) to _printf_dec.o(.text) for _printf_int_dec
    main.o(.bss.i) refers (Special) to _printf_percent.o(.ARM.Collect$$_printf_percent$$00000000) for _printf_percent
    main.o(.bss.j) refers (Special) to _printf_d.o(.ARM.Collect$$_printf_percent$$00000009) for _printf_d
    main.o(.bss.j) refers (Special) to _printf_dec.o(.text) for _printf_int_dec
    main.o(.bss.j) refers (Special) to _printf_percent.o(.ARM.Collect$$_printf_percent$$00000000) for _printf_percent
    main.o(.bss.distance) refers (Special) to _printf_d.o(.ARM.Collect$$_printf_percent$$00000009) for _printf_d
    main.o(.bss.distance) refers (Special) to _printf_dec.o(.text) for _printf_int_dec
    main.o(.bss.distance) refers (Special) to _printf_percent.o(.ARM.Collect$$_printf_percent$$00000000) for _printf_percent
    main.o(.bss.temparea) refers (Special) to _printf_d.o(.ARM.Collect$$_printf_percent$$00000009) for _printf_d
    main.o(.bss.temparea) refers (Special) to _printf_dec.o(.text) for _printf_int_dec
    main.o(.bss.temparea) refers (Special) to _printf_percent.o(.ARM.Collect$$_printf_percent$$00000000) for _printf_percent
    main.o(.bss.m) refers (Special) to _printf_d.o(.ARM.Collect$$_printf_percent$$00000009) for _printf_d
    main.o(.bss.m) refers (Special) to _printf_dec.o(.text) for _printf_int_dec
    main.o(.bss.m) refers (Special) to _printf_percent.o(.ARM.Collect$$_printf_percent$$00000000) for _printf_percent
    main.o(.bss.buffer) refers (Special) to _printf_d.o(.ARM.Collect$$_printf_percent$$00000009) for _printf_d
    main.o(.bss.buffer) refers (Special) to _printf_dec.o(.text) for _printf_int_dec
    main.o(.bss.buffer) refers (Special) to _printf_percent.o(.ARM.Collect$$_printf_percent$$00000000) for _printf_percent
    main.o(.bss.f) refers (Special) to _printf_d.o(.ARM.Collect$$_printf_percent$$00000009) for _printf_d
    main.o(.bss.f) refers (Special) to _printf_dec.o(.text) for _printf_int_dec
    main.o(.bss.f) refers (Special) to _printf_percent.o(.ARM.Collect$$_printf_percent$$00000000) for _printf_percent
    main.o(.bss.TPM1_IRQHandler.ctr) refers (Special) to _printf_d.o(.ARM.Collect$$_printf_percent$$00000009) for _printf_d
    main.o(.bss.TPM1_IRQHandler.ctr) refers (Special) to _printf_dec.o(.text) for _printf_int_dec
    main.o(.bss.TPM1_IRQHandler.ctr) refers (Special) to _printf_percent.o(.ARM.Collect$$_printf_percent$$00000000) for _printf_percent
    main.o(.bss.TPM1_IRQHandler.previous) refers (Special) to _printf_d.o(.ARM.Collect$$_printf_percent$$00000009) for _printf_d
    main.o(.bss.TPM1_IRQHandler.previous) refers (Special) to _printf_dec.o(.text) for _printf_int_dec
    main.o(.bss.TPM1_IRQHandler.previous) refers (Special) to _printf_percent.o(.ARM.Collect$$_printf_percent$$00000000) for _printf_percent
    main.o(.bss.data) refers (Special) to _printf_d.o(.ARM.Collect$$_printf_percent$$00000009) for _printf_d
    main.o(.bss.data) refers (Special) to _printf_dec.o(.text) for _printf_int_dec
    main.o(.bss.data) refers (Special) to _printf_percent.o(.ARM.Collect$$_printf_percent$$00000000) for _printf_percent
    main.o(.bss.data_array) refers (Special) to _printf_d.o(.ARM.Collect$$_printf_percent$$00000009) for _printf_d
    main.o(.bss.data_array) refers (Special) to _printf_dec.o(.text) for _printf_int_dec
    main.o(.bss.data_array) refers (Special) to _printf_percent.o(.ARM.Collect$$_printf_percent$$00000000) for _printf_percent
    main.o(.bss.p) refers (Special) to _printf_d.o(.ARM.Collect$$_printf_percent$$00000009) for _printf_d
    main.o(.bss.p) refers (Special) to _printf_dec.o(.text) for _printf_int_dec
    main.o(.bss.p) refers (Special) to _printf_percent.o(.ARM.Collect$$_printf_percent$$00000000) for _printf_percent
    main.o(.bss.pompadelay) refers (Special) to _printf_d.o(.ARM.Collect$$_printf_percent$$00000009) for _printf_d
    main.o(.bss.pompadelay) refers (Special) to _printf_dec.o(.text) for _printf_int_dec
    main.o(.bss.pompadelay) refers (Special) to _printf_percent.o(.ARM.Collect$$_printf_percent$$00000000) for _printf_percent
    main.o(.ARM.use_no_argv) refers (Special) to _printf_d.o(.ARM.Collect$$_printf_percent$$00000009) for _printf_d
    main.o(.ARM.use_no_argv) refers (Special) to _printf_dec.o(.text) for _printf_int_dec
    main.o(.ARM.use_no_argv) refers (Special) to _printf_percent.o(.ARM.Collect$$_printf_percent$$00000000) for _printf_percent
    ultrasonic_on_lcd.o(.ARM.exidx.text.init_pins) refers to ultrasonic_on_lcd.o(.text.init_pins) for [Anonymous Symbol]
    ultrasonic_on_lcd.o(.text.init_timer) refers to ultrasonic_on_lcd.o(.text.__NVIC_ClearPendingIRQ) for __NVIC_ClearPendingIRQ
    ultrasonic_on_lcd.o(.text.init_timer) refers to ultrasonic_on_lcd.o(.text.__NVIC_SetPriority) for __NVIC_SetPriority
    ultrasonic_on_lcd.o(.text.init_timer) refers to ultrasonic_on_lcd.o(.text.__NVIC_EnableIRQ) for __NVIC_EnableIRQ
    ultrasonic_on_lcd.o(.ARM.exidx.text.init_timer) refers to ultrasonic_on_lcd.o(.text.init_timer) for [Anonymous Symbol]
    ultrasonic_on_lcd.o(.ARM.exidx.text.__NVIC_ClearPendingIRQ) refers to ultrasonic_on_lcd.o(.text.__NVIC_ClearPendingIRQ) for [Anonymous Symbol]
    ultrasonic_on_lcd.o(.ARM.exidx.text.__NVIC_SetPriority) refers to ultrasonic_on_lcd.o(.text.__NVIC_SetPriority) for [Anonymous Symbol]
    ultrasonic_on_lcd.o(.ARM.exidx.text.__NVIC_EnableIRQ) refers to ultrasonic_on_lcd.o(.text.__NVIC_EnableIRQ) for [Anonymous Symbol]
    startup_mkl25z4.o(STACK) refers (Special) to heapauxi.o(.text) for __use_two_region_memory
    startup_mkl25z4.o(HEAP) refers (Special) to heapauxi.o(.text) for __use_two_region_memory
    startup_mkl25z4.o(RESET) refers (Special) to heapauxi.o(.text) for __use_two_region_memory
    startup_mkl25z4.o(RESET) refers to startup_mkl25z4.o(STACK) for __initial_sp
    startup_mkl25z4.o(RESET) refers to startup_mkl25z4.o(.text) for Reset_Handler
    startup_mkl25z4.o(RESET) refers to main.o(.text.TPM1_IRQHandler) for TPM1_IRQHandler
    startup_mkl25z4.o(.ARM.__at_0x400) refers (Special) to heapauxi.o(.text) for __use_two_region_memory
    startup_mkl25z4.o(.text) refers (Special) to heapauxi.o(.text) for __use_two_region_memory
    startup_mkl25z4.o(.text) refers to system_mkl25z4.o(.text.SystemInit) for SystemInit
    startup_mkl25z4.o(.text) refers to __main.o(!!!main) for __main
    startup_mkl25z4.o(.text) refers to startup_mkl25z4.o(HEAP) for Heap_Mem
    startup_mkl25z4.o(.text) refers to startup_mkl25z4.o(STACK) for Stack_Mem
    system_mkl25z4.o(.ARM.exidx.text.SystemInit) refers to system_mkl25z4.o(.text.SystemInit) for [Anonymous Symbol]
    system_mkl25z4.o(.text.SystemCoreClockUpdate) refers to aeabi_sdivfast.o(.text_divfast) for __aeabi_uidiv
    system_mkl25z4.o(.text.SystemCoreClockUpdate) refers to system_mkl25z4.o(.data.SystemCoreClock) for SystemCoreClock
    system_mkl25z4.o(.ARM.exidx.text.SystemCoreClockUpdate) refers to system_mkl25z4.o(.text.SystemCoreClockUpdate) for [Anonymous Symbol]
    __2sprintf.o(.text) refers to _printf_char_common.o(.text) for _printf_char_common
    __2sprintf.o(.text) refers to _sputc.o(.text) for _sputc
    noretval__2sprintf.o(.text) refers to _printf_char_common.o(.text) for _printf_char_common
    noretval__2sprintf.o(.text) refers to _sputc.o(.text) for _sputc
    __printf.o(.text) refers to _printf_percent.o(.ARM.Collect$$_printf_percent$$00000000) for _printf_percent
    _printf_dec.o(.text) refers to rtudiv10.o(.text) for __rt_udiv10
    _printf_dec.o(.text) refers to _printf_intcommon.o(.text) for _printf_int_common
    __printf_flags.o(.text) refers to _printf_percent.o(.ARM.Collect$$_printf_percent$$00000000) for _printf_percent
    __printf_flags.o(.text) refers to __printf_flags.o(.constdata) for .constdata
    __printf_ss.o(.text) refers to _printf_percent.o(.ARM.Collect$$_printf_percent$$00000000) for _printf_percent
    __printf_flags_ss.o(.text) refers to _printf_percent.o(.ARM.Collect$$_printf_percent$$00000000) for _printf_percent
    __printf_flags_ss.o(.text) refers to __printf_flags_ss.o(.constdata) for .constdata
    __printf_wp.o(.text) refers to __printf_wp.o(i._is_digit) for _is_digit
    __printf_wp.o(.text) refers to _printf_percent.o(.ARM.Collect$$_printf_percent$$00000000) for _printf_percent
    __printf_flags_wp.o(.text) refers to __printf_wp.o(i._is_digit) for _is_digit
    __printf_flags_wp.o(.text) refers to _printf_percent.o(.ARM.Collect$$_printf_percent$$00000000) for _printf_percent
    __printf_flags_wp.o(.text) refers to __printf_flags_wp.o(.constdata) for .constdata
    __printf_ss_wp.o(.text) refers to __printf_wp.o(i._is_digit) for _is_digit
    __printf_ss_wp.o(.text) refers to _printf_percent.o(.ARM.Collect$$_printf_percent$$00000000) for _printf_percent
    __printf_flags_ss_wp.o(.text) refers to __printf_wp.o(i._is_digit) for _is_digit
    __printf_flags_ss_wp.o(.text) refers to _printf_percent.o(.ARM.Collect$$_printf_percent$$00000000) for _printf_percent
    __printf_flags_ss_wp.o(.text) refers to __printf_flags_ss_wp.o(.constdata) for .constdata
    _printf_d.o(.ARM.Collect$$_printf_percent$$00000009) refers (Weak) to _printf_dec.o(.text) for _printf_int_dec
    _printf_percent.o(.ARM.Collect$$_printf_percent$$00000000) refers (Special) to _printf_percent_end.o(.ARM.Collect$$_printf_percent$$00000017) for _printf_percent_end
    __main.o(!!!main) refers to __rtentry.o(.ARM.Collect$$rtentry$$00000000) for __rt_entry
    dfixi.o(.text) refers (Special) to usenofp.o(x$fpl$usenofp) for __I$use$fp
    dflti.o(.text) refers (Special) to usenofp.o(x$fpl$usenofp) for __I$use$fp
    dmul.o(.text) refers (Special) to usenofp.o(x$fpl$usenofp) for __I$use$fp
    __rtentry.o(.ARM.Collect$$rtentry$$00000000) refers (Special) to __rtentry2.o(.ARM.Collect$$rtentry$$0000000A) for __rt_entry_li
    __rtentry.o(.ARM.Collect$$rtentry$$00000000) refers (Special) to __rtentry2.o(.ARM.Collect$$rtentry$$0000000D) for __rt_entry_main
    __rtentry.o(.ARM.Collect$$rtentry$$00000000) refers (Special) to __rtentry2.o(.ARM.Collect$$rtentry$$0000000C) for __rt_entry_postli_1
    __rtentry.o(.ARM.Collect$$rtentry$$00000000) refers (Special) to __rtentry2.o(.ARM.Collect$$rtentry$$00000009) for __rt_entry_postsh_1
    __rtentry.o(.ARM.Collect$$rtentry$$00000000) refers (Special) to __rtentry2.o(.ARM.Collect$$rtentry$$00000002) for __rt_entry_presh_1
    __rtentry.o(.ARM.Collect$$rtentry$$00000000) refers (Special) to __rtentry4.o(.ARM.Collect$$rtentry$$00000004) for __rt_entry_sh
    aeabi_idiv0_sigfpe.o(.text) refers to rt_div0.o(.text) for __rt_div0
    _printf_char_common.o(.text) refers to __printf.o(.text) for __printf
    __rtentry2.o(.ARM.Collect$$rtentry$$00000008) refers to boardinit2.o(.text) for _platform_post_stackheap_init
    __rtentry2.o(.ARM.Collect$$rtentry$$0000000A) refers to libinit.o(.ARM.Collect$$libinit$$00000000) for __rt_lib_init
    __rtentry2.o(.ARM.Collect$$rtentry$$0000000B) refers to boardinit3.o(.text) for _platform_post_lib_init
    __rtentry2.o(.ARM.Collect$$rtentry$$0000000D) refers to main.o(.text.main) for main
    __rtentry2.o(.ARM.Collect$$rtentry$$0000000D) refers to exit.o(.text) for exit
    __rtentry2.o(.ARM.exidx) refers to __rtentry2.o(.ARM.Collect$$rtentry$$00000001) for .ARM.Collect$$rtentry$$00000001
    __rtentry2.o(.ARM.exidx) refers to __rtentry2.o(.ARM.Collect$$rtentry$$00000008) for .ARM.Collect$$rtentry$$00000008
    __rtentry2.o(.ARM.exidx) refers to __rtentry2.o(.ARM.Collect$$rtentry$$0000000A) for .ARM.Collect$$rtentry$$0000000A
    __rtentry2.o(.ARM.exidx) refers to __rtentry2.o(.ARM.Collect$$rtentry$$0000000B) for .ARM.Collect$$rtentry$$0000000B
    __rtentry2.o(.ARM.exidx) refers to __rtentry2.o(.ARM.Collect$$rtentry$$0000000D) for .ARM.Collect$$rtentry$$0000000D
    __rtentry4.o(.ARM.Collect$$rtentry$$00000004) refers to sys_stackheap_outer.o(.text) for __user_setup_stackheap
    __rtentry4.o(.ARM.exidx) refers to __rtentry4.o(.ARM.Collect$$rtentry$$00000004) for .ARM.Collect$$rtentry$$00000004
    rt_div0.o(.text) refers to defsig_fpe_outer.o(.text) for __rt_SIGFPE
    sys_stackheap_outer.o(.text) refers to libspace.o(.text) for __user_perproc_libspace
    sys_stackheap_outer.o(.text) refers to startup_mkl25z4.o(.text) for __user_initial_stackheap
    sys_stackheap_outer.o(__vectab_stack_and_reset_area) refers to tempstk.o(.text) for __temporary_stack_top
    sys_stackheap_outer.o(__vectab_stack_and_reset_area) refers to __main.o(!!!main) for __main
    exit.o(.text) refers to rtexit.o(.ARM.Collect$$rtexit$$00000000) for __rt_exit
    defsig_fpe_outer.o(.text) refers to defsig_fpe_inner.o(.text) for __rt_SIGFPE_inner
    defsig_fpe_outer.o(.text) refers to defsig_exit.o(.text) for __sig_exit
    defsig_fpe_formal.o(.text) refers to rt_raise.o(.text) for __rt_raise
    libinit.o(.ARM.Collect$$libinit$$00000000) refers (Special) to libinit2.o(.ARM.Collect$$libinit$$0000002E) for __rt_lib_init_alloca_1
    libinit.o(.ARM.Collect$$libinit$$00000000) refers (Special) to libinit2.o(.ARM.Collect$$libinit$$0000002C) for __rt_lib_init_argv_1
    libinit.o(.ARM.Collect$$libinit$$00000000) refers (Special) to libinit2.o(.ARM.Collect$$libinit$$0000001B) for __rt_lib_init_atexit_1
    libinit.o(.ARM.Collect$$libinit$$00000000) refers (Special) to libinit2.o(.ARM.Collect$$libinit$$00000021) for __rt_lib_init_clock_1
    libinit.o(.ARM.Collect$$libinit$$00000000) refers (Special) to libinit2.o(.ARM.Collect$$libinit$$00000032) for __rt_lib_init_cpp_1
    libinit.o(.ARM.Collect$$libinit$$00000000) refers (Special) to libinit2.o(.ARM.Collect$$libinit$$00000030) for __rt_lib_init_exceptions_1
    libinit.o(.ARM.Collect$$libinit$$00000000) refers (Special) to libinit2.o(.ARM.Collect$$libinit$$00000002) for __rt_lib_init_fp_1
    libinit.o(.ARM.Collect$$libinit$$00000000) refers (Special) to libinit2.o(.ARM.Collect$$libinit$$0000001F) for __rt_lib_init_fp_trap_1
    libinit.o(.ARM.Collect$$libinit$$00000000) refers (Special) to libinit2.o(.ARM.Collect$$libinit$$00000023) for __rt_lib_init_getenv_1
    libinit.o(.ARM.Collect$$libinit$$00000000) refers (Special) to libinit2.o(.ARM.Collect$$libinit$$0000000A) for __rt_lib_init_heap_1
    libinit.o(.ARM.Collect$$libinit$$00000000) refers (Special) to libinit2.o(.ARM.Collect$$libinit$$00000011) for __rt_lib_init_lc_collate_1
    libinit.o(.ARM.Collect$$libinit$$00000000) refers (Special) to libinit2.o(.ARM.Collect$$libinit$$00000013) for __rt_lib_init_lc_ctype_1
    libinit.o(.ARM.Collect$$libinit$$00000000) refers (Special) to libinit2.o(.ARM.Collect$$libinit$$00000015) for __rt_lib_init_lc_monetary_1
    libinit.o(.ARM.Collect$$libinit$$00000000) refers (Special) to libinit2.o(.ARM.Collect$$libinit$$00000017) for __rt_lib_init_lc_numeric_1
    libinit.o(.ARM.Collect$$libinit$$00000000) refers (Special) to libinit2.o(.ARM.Collect$$libinit$$00000019) for __rt_lib_init_lc_time_1
    libinit.o(.ARM.Collect$$libinit$$00000000) refers (Special) to libinit2.o(.ARM.Collect$$libinit$$00000004) for __rt_lib_init_preinit_1
    libinit.o(.ARM.Collect$$libinit$$00000000) refers (Special) to libinit2.o(.ARM.Collect$$libinit$$0000000E) for __rt_lib_init_rand_1
    libinit.o(.ARM.Collect$$libinit$$00000000) refers (Special) to libinit2.o(.ARM.Collect$$libinit$$00000033) for __rt_lib_init_return
    libinit.o(.ARM.Collect$$libinit$$00000000) refers (Special) to libinit2.o(.ARM.Collect$$libinit$$0000001D) for __rt_lib_init_signal_1
    libinit.o(.ARM.Collect$$libinit$$00000000) refers (Special) to libinit2.o(.ARM.Collect$$libinit$$00000025) for __rt_lib_init_stdio_1
    libinit.o(.ARM.Collect$$libinit$$00000000) refers (Special) to libinit2.o(.ARM.Collect$$libinit$$0000000C) for __rt_lib_init_user_alloc_1
    libspace.o(.text) refers to libspace.o(.bss) for __libspace_start
    rtexit.o(.ARM.Collect$$rtexit$$00000000) refers (Special) to rtexit2.o(.ARM.Collect$$rtexit$$00000004) for __rt_exit_exit
    rtexit.o(.ARM.Collect$$rtexit$$00000000) refers (Special) to rtexit2.o(.ARM.Collect$$rtexit$$00000003) for __rt_exit_ls
    rtexit.o(.ARM.Collect$$rtexit$$00000000) refers (Special) to rtexit2.o(.ARM.Collect$$rtexit$$00000002) for __rt_exit_prels_1
    rtexit.o(.ARM.exidx) refers (Special) to rtexit2.o(.ARM.Collect$$rtexit$$00000004) for __rt_exit_exit
    rtexit.o(.ARM.exidx) refers (Special) to rtexit2.o(.ARM.Collect$$rtexit$$00000003) for __rt_exit_ls
    rtexit.o(.ARM.exidx) refers (Special) to rtexit2.o(.ARM.Collect$$rtexit$$00000002) for __rt_exit_prels_1
    rtexit.o(.ARM.exidx) refers to rtexit.o(.ARM.Collect$$rtexit$$00000000) for .ARM.Collect$$rtexit$$00000000
    rt_raise.o(.text) refers to __raise.o(.text) for __raise
    rt_raise.o(.text) refers to sys_exit.o(.text) for _sys_exit
    defsig_exit.o(.text) refers to sys_exit.o(.text) for _sys_exit
    defsig_fpe_inner.o(.text) refers to defsig_general.o(.text) for __default_signal_display
    libinit2.o(.ARM.Collect$$libinit$$00000010) refers to libinit2.o(.ARM.Collect$$libinit$$0000000F) for .ARM.Collect$$libinit$$0000000F
    libinit2.o(.ARM.Collect$$libinit$$00000012) refers to libinit2.o(.ARM.Collect$$libinit$$0000000F) for .ARM.Collect$$libinit$$0000000F
    libinit2.o(.ARM.Collect$$libinit$$00000014) refers to libinit2.o(.ARM.Collect$$libinit$$0000000F) for .ARM.Collect$$libinit$$0000000F
    libinit2.o(.ARM.Collect$$libinit$$00000016) refers to libinit2.o(.ARM.Collect$$libinit$$0000000F) for .ARM.Collect$$libinit$$0000000F
    libinit2.o(.ARM.Collect$$libinit$$00000018) refers to libinit2.o(.ARM.Collect$$libinit$$0000000F) for .ARM.Collect$$libinit$$0000000F
    libinit2.o(.ARM.Collect$$libinit$$00000026) refers to argv_veneer.o(.text) for __ARM_argv_veneer
    libinit2.o(.ARM.Collect$$libinit$$00000027) refers to argv_veneer.o(.text) for __ARM_argv_veneer
    sys_exit.o(.text) refers (Special) to use_no_semi.o(.text) for __I$use$semihosting
    sys_exit.o(.text) refers (Special) to indicate_semi.o(.text) for __semihosting_library_function
    sys_exit_hlt.o(.text) refers (Special) to use_no_semi.o(.text) for __I$use$semihosting
    sys_exit_hlt.o(.text) refers (Special) to indicate_semi.o(.text) for __semihosting_library_function
    rtexit2.o(.ARM.Collect$$rtexit$$00000003) refers to libshutdown.o(.ARM.Collect$$libshutdown$$00000000) for __rt_lib_shutdown
    rtexit2.o(.ARM.Collect$$rtexit$$00000004) refers to sys_exit.o(.text) for _sys_exit
    rtexit2.o(.ARM.exidx) refers to rtexit2.o(.ARM.Collect$$rtexit$$00000001) for .ARM.Collect$$rtexit$$00000001
    rtexit2.o(.ARM.exidx) refers to rtexit2.o(.ARM.Collect$$rtexit$$00000003) for .ARM.Collect$$rtexit$$00000003
    rtexit2.o(.ARM.exidx) refers to rtexit2.o(.ARM.Collect$$rtexit$$00000004) for .ARM.Collect$$rtexit$$00000004
    __raise.o(.text) refers to defsig.o(CL$$defsig) for __default_signal_handler
    defsig_general.o(.text) refers to sys_wrch.o(.text) for _ttywrch
    sys_wrch.o(.text) refers (Special) to use_no_semi.o(.text) for __I$use$semihosting
    sys_wrch.o(.text) refers (Special) to indicate_semi.o(.text) for __semihosting_library_function
    sys_wrch_hlt.o(.text) refers (Special) to use_no_semi.o(.text) for __I$use$semihosting
    sys_wrch_hlt.o(.text) refers (Special) to indicate_semi.o(.text) for __semihosting_library_function
    defsig.o(CL$$defsig) refers to defsig_fpe_inner.o(.text) for __rt_SIGFPE_inner
    defsig.o(CL$$defsig) refers to defsig_rtmem_inner.o(.text) for __rt_SIGRTMEM_inner
    _get_argv_nomalloc.o(.text) refers (Special) to hrguard.o(.text) for __heap_region$guard
    _get_argv_nomalloc.o(.text) refers to defsig_rtmem_outer.o(.text) for __rt_SIGRTMEM
    _get_argv_nomalloc.o(.text) refers to sys_command.o(.text) for _sys_command_string
    libshutdown.o(.ARM.Collect$$libshutdown$$00000000) refers (Special) to libshutdown2.o(.ARM.Collect$$libshutdown$$00000002) for __rt_lib_shutdown_cpp_1
    libshutdown.o(.ARM.Collect$$libshutdown$$00000000) refers (Special) to libshutdown2.o(.ARM.Collect$$libshutdown$$00000007) for __rt_lib_shutdown_fp_trap_1
    libshutdown.o(.ARM.Collect$$libshutdown$$00000000) refers (Special) to libshutdown2.o(.ARM.Collect$$libshutdown$$0000000F) for __rt_lib_shutdown_heap_1
    libshutdown.o(.ARM.Collect$$libshutdown$$00000000) refers (Special) to libshutdown2.o(.ARM.Collect$$libshutdown$$00000010) for __rt_lib_shutdown_return
    libshutdown.o(.ARM.Collect$$libshutdown$$00000000) refers (Special) to libshutdown2.o(.ARM.Collect$$libshutdown$$0000000A) for __rt_lib_shutdown_signal_1
    libshutdown.o(.ARM.Collect$$libshutdown$$00000000) refers (Special) to libshutdown2.o(.ARM.Collect$$libshutdown$$00000004) for __rt_lib_shutdown_stdio_1
    libshutdown.o(.ARM.Collect$$libshutdown$$00000000) refers (Special) to libshutdown2.o(.ARM.Collect$$libshutdown$$0000000C) for __rt_lib_shutdown_user_alloc_1
    sys_command.o(.text) refers (Special) to use_no_semi.o(.text) for __I$use$semihosting
    sys_command.o(.text) refers (Special) to indicate_semi.o(.text) for __semihosting_library_function
    sys_command_hlt.o(.text) refers (Special) to use_no_semi.o(.text) for __I$use$semihosting
    sys_command_hlt.o(.text) refers (Special) to indicate_semi.o(.text) for __semihosting_library_function
    defsig_abrt_inner.o(.text) refers to defsig_general.o(.text) for __default_signal_display
    defsig_rtred_inner.o(.text) refers to defsig_general.o(.text) for __default_signal_display
    defsig_rtmem_inner.o(.text) refers to defsig_general.o(.text) for __default_signal_display
    defsig_rtmem_outer.o(.text) refers to defsig_rtmem_inner.o(.text) for __rt_SIGRTMEM_inner
    defsig_rtmem_outer.o(.text) refers to defsig_exit.o(.text) for __sig_exit
    defsig_rtmem_formal.o(.text) refers to rt_raise.o(.text) for __rt_raise
    defsig_stak_inner.o(.text) refers to defsig_general.o(.text) for __default_signal_display
    defsig_pvfn_inner.o(.text) refers to defsig_general.o(.text) for __default_signal_display
    defsig_cppl_inner.o(.text) refers to defsig_general.o(.text) for __default_signal_display
    defsig_segv_inner.o(.text) refers to defsig_general.o(.text) for __default_signal_display
    defsig_other.o(.text) refers to defsig_general.o(.text) for __default_signal_display


==============================================================================

Removing Unused input sections from the image.

    Removing lcd.o(.text), (0 bytes).
    Removing lcd.o(.ARM.exidx.text.init_lcd_pins), (8 bytes).
    Removing lcd.o(.text.delay_ms), (2 bytes).
    Removing lcd.o(.ARM.exidx.text.delay_ms), (8 bytes).
    Removing lcd.o(.ARM.exidx.text.lcd_write_instruc), (8 bytes).
    Removing lcd.o(.ARM.exidx.text.write_to_data_pins), (8 bytes).
    Removing lcd.o(.ARM.exidx.text.lcd_write_char), (8 bytes).
    Removing lcd.o(.ARM.exidx.text.lcd_init), (8 bytes).
    Removing lcd.o(.ARM.exidx.text.lcd_clear), (8 bytes).
    Removing lcd.o(.ARM.exidx.text.lcd_goto), (8 bytes).
    Removing lcd.o(.ARM.exidx.text.lcd_write_string), (8 bytes).
    Removing lcd.o(.text.lcd_scroll_right), (52 bytes).
    Removing lcd.o(.ARM.exidx.text.lcd_scroll_right), (8 bytes).
    Removing lcd.o(.text.lcd_scroll_screen), (66 bytes).
    Removing lcd.o(.ARM.exidx.text.lcd_scroll_screen), (8 bytes).
    Removing lcd.o(.bss.lcd_scroll_right.column_position), (4 bytes).
    Removing main.o(.text), (0 bytes).
    Removing main.o(.text.delayMs), (2 bytes).
    Removing main.o(.ARM.exidx.text.delayMs), (8 bytes).
    Removing main.o(.ARM.exidx.text.main), (8 bytes).
    Removing main.o(.ARM.exidx.text.TPM1_IRQHandler), (8 bytes).
    Removing main.o(.text.calculate_time), (12 bytes).
    Removing main.o(.ARM.exidx.text.calculate_time), (8 bytes).
    Removing main.o(.text.calculate_distance), (12 bytes).
    Removing main.o(.ARM.exidx.text.calculate_distance), (8 bytes).
    Removing main.o(.data.delay), (4 bytes).
    Removing main.o(.bss.direction), (4 bytes).
    Removing main.o(.bss.data), (4 bytes).
    Removing main.o(.bss.data_array), (240 bytes).
    Removing main.o(.bss.p), (4 bytes).
    Removing main.o(.bss.pompadelay), (4 bytes).
    Removing main.o(.ARM.use_no_argv), (4 bytes).
    Removing ultrasonic_on_lcd.o(.text), (0 bytes).
    Removing ultrasonic_on_lcd.o(.ARM.exidx.text.init_pins), (8 bytes).
    Removing ultrasonic_on_lcd.o(.ARM.exidx.text.init_timer), (8 bytes).
    Removing ultrasonic_on_lcd.o(.ARM.exidx.text.__NVIC_ClearPendingIRQ), (8 bytes).
    Removing ultrasonic_on_lcd.o(.ARM.exidx.text.__NVIC_SetPriority), (8 bytes).
    Removing ultrasonic_on_lcd.o(.ARM.exidx.text.__NVIC_EnableIRQ), (8 bytes).
    Removing ultrasonic_on_lcd.o(.bss.time), (4 bytes).
    Removing system_mkl25z4.o(.text), (0 bytes).
    Removing system_mkl25z4.o(.ARM.exidx.text.SystemInit), (8 bytes).
    Removing system_mkl25z4.o(.text.SystemCoreClockUpdate), (272 bytes).
    Removing system_mkl25z4.o(.ARM.exidx.text.SystemCoreClockUpdate), (8 bytes).
    Removing system_mkl25z4.o(.data.SystemCoreClock), (4 bytes).

44 unused section(s) (total 878 bytes) removed from the image.

==============================================================================

Image Symbol Table

    Local Symbols

    Symbol Name                              Value     Ov Type        Size  Object(Section)

    ../clib/angel/boardlib.s                 0x00000000   Number         0  boardinit1.o ABSOLUTE
    ../clib/angel/boardlib.s                 0x00000000   Number         0  boardinit2.o ABSOLUTE
    ../clib/angel/boardlib.s                 0x00000000   Number         0  boardinit3.o ABSOLUTE
    ../clib/angel/boardlib.s                 0x00000000   Number         0  boardshut.o ABSOLUTE
    ../clib/angel/handlers.s                 0x00000000   Number         0  __scatter_zi.o ABSOLUTE
    ../clib/angel/kernel.s                   0x00000000   Number         0  __rtentry.o ABSOLUTE
    ../clib/angel/kernel.s                   0x00000000   Number         0  __rtentry2.o ABSOLUTE
    ../clib/angel/kernel.s                   0x00000000   Number         0  __rtentry4.o ABSOLUTE
    ../clib/angel/kernel.s                   0x00000000   Number         0  rtexit.o ABSOLUTE
    ../clib/angel/kernel.s                   0x00000000   Number         0  rtexit2.o ABSOLUTE
    ../clib/angel/rt.s                       0x00000000   Number         0  aeabi_idiv0.o ABSOLUTE
    ../clib/angel/rt.s                       0x00000000   Number         0  aeabi_idiv0_sigfpe.o ABSOLUTE
    ../clib/angel/rt.s                       0x00000000   Number         0  rt_div0.o ABSOLUTE
    ../clib/angel/rt.s                       0x00000000   Number         0  rt_raise.o ABSOLUTE
    ../clib/angel/scatterp.s                 0x00000000   Number         0  __scatter.o ABSOLUTE
    ../clib/angel/startup.s                  0x00000000   Number         0  __main.o ABSOLUTE
    ../clib/angel/sys.s                      0x00000000   Number         0  sys_stackheap_outer.o ABSOLUTE
    ../clib/angel/sys.s                      0x00000000   Number         0  libspace.o ABSOLUTE
    ../clib/angel/sys.s                      0x00000000   Number         0  tempstk.o ABSOLUTE
    ../clib/angel/sys.s                      0x00000000   Number         0  use_no_semi.o ABSOLUTE
    ../clib/angel/sys.s                      0x00000000   Number         0  indicate_semi.o ABSOLUTE
    ../clib/angel/sysapp.c                   0x00000000   Number         0  sys_exit.o ABSOLUTE
    ../clib/angel/sysapp.c                   0x00000000   Number         0  sys_exit_hlt.o ABSOLUTE
    ../clib/angel/sysapp.c                   0x00000000   Number         0  sys_wrch.o ABSOLUTE
    ../clib/angel/sysapp.c                   0x00000000   Number         0  sys_wrch_hlt.o ABSOLUTE
    ../clib/angel/sysapp.c                   0x00000000   Number         0  sys_command.o ABSOLUTE
    ../clib/angel/sysapp.c                   0x00000000   Number         0  sys_command_hlt.o ABSOLUTE
    ../clib/armsys.c                         0x00000000   Number         0  argv_veneer.o ABSOLUTE
    ../clib/armsys.c                         0x00000000   Number         0  _get_argv_nomalloc.o ABSOLUTE
    ../clib/armsys.c                         0x00000000   Number         0  no_argv.o ABSOLUTE
    ../clib/division.c                       0x00000000   Number         0  rtudiv10.o ABSOLUTE
    ../clib/division.s                       0x00000000   Number         0  aeabi_sdivfast.o ABSOLUTE
    ../clib/division.s                       0x00000000   Number         0  aeabi_sdivfast_div0.o ABSOLUTE
    ../clib/heapalloc.c                      0x00000000   Number         0  hrguard.o ABSOLUTE
    ../clib/heapaux.c                        0x00000000   Number         0  heapauxi.o ABSOLUTE
    ../clib/libinit.s                        0x00000000   Number         0  libinit.o ABSOLUTE
    ../clib/libinit.s                        0x00000000   Number         0  libinit2.o ABSOLUTE
    ../clib/libinit.s                        0x00000000   Number         0  libshutdown.o ABSOLUTE
    ../clib/libinit.s                        0x00000000   Number         0  libshutdown2.o ABSOLUTE
    ../clib/printf.c                         0x00000000   Number         0  __2sprintf.o ABSOLUTE
    ../clib/printf.c                         0x00000000   Number         0  noretval__2sprintf.o ABSOLUTE
    ../clib/printf.c                         0x00000000   Number         0  __printf.o ABSOLUTE
    ../clib/printf.c                         0x00000000   Number         0  _printf_dec.o ABSOLUTE
    ../clib/printf.c                         0x00000000   Number         0  __printf_flags.o ABSOLUTE
    ../clib/printf.c                         0x00000000   Number         0  __printf_ss.o ABSOLUTE
    ../clib/printf.c                         0x00000000   Number         0  __printf_flags_ss.o ABSOLUTE
    ../clib/printf.c                         0x00000000   Number         0  __printf_wp.o ABSOLUTE
    ../clib/printf.c                         0x00000000   Number         0  __printf_flags_wp.o ABSOLUTE
    ../clib/printf.c                         0x00000000   Number         0  __printf_ss_wp.o ABSOLUTE
    ../clib/printf.c                         0x00000000   Number         0  __printf_flags_ss_wp.o ABSOLUTE
    ../clib/printf.c                         0x00000000   Number         0  _printf_intcommon.o ABSOLUTE
    ../clib/printf.c                         0x00000000   Number         0  _printf_char_common.o ABSOLUTE
    ../clib/printf.c                         0x00000000   Number         0  _sputc.o ABSOLUTE
    ../clib/printf.c                         0x00000000   Number         0  __printf_nopercent.o ABSOLUTE
    ../clib/printf_percent.s                 0x00000000   Number         0  _printf_d.o ABSOLUTE
    ../clib/printf_percent.s                 0x00000000   Number         0  _printf_percent.o ABSOLUTE
    ../clib/printf_percent.s                 0x00000000   Number         0  _printf_percent_end.o ABSOLUTE
    ../clib/signal.c                         0x00000000   Number         0  defsig_fpe_outer.o ABSOLUTE
    ../clib/signal.c                         0x00000000   Number         0  defsig_fpe_formal.o ABSOLUTE
    ../clib/signal.c                         0x00000000   Number         0  defsig_exit.o ABSOLUTE
    ../clib/signal.c                         0x00000000   Number         0  defsig_fpe_inner.o ABSOLUTE
    ../clib/signal.c                         0x00000000   Number         0  __raise.o ABSOLUTE
    ../clib/signal.c                         0x00000000   Number         0  defsig_general.o ABSOLUTE
    ../clib/signal.c                         0x00000000   Number         0  defsig_abrt_inner.o ABSOLUTE
    ../clib/signal.c                         0x00000000   Number         0  defsig_rtred_inner.o ABSOLUTE
    ../clib/signal.c                         0x00000000   Number         0  defsig_rtmem_inner.o ABSOLUTE
    ../clib/signal.c                         0x00000000   Number         0  defsig_rtmem_outer.o ABSOLUTE
    ../clib/signal.c                         0x00000000   Number         0  defsig_rtmem_formal.o ABSOLUTE
    ../clib/signal.c                         0x00000000   Number         0  defsig_stak_inner.o ABSOLUTE
    ../clib/signal.c                         0x00000000   Number         0  defsig_pvfn_inner.o ABSOLUTE
    ../clib/signal.c                         0x00000000   Number         0  defsig_cppl_inner.o ABSOLUTE
    ../clib/signal.c                         0x00000000   Number         0  defsig_segv_inner.o ABSOLUTE
    ../clib/signal.c                         0x00000000   Number         0  defsig_other.o ABSOLUTE
    ../clib/signal.s                         0x00000000   Number         0  defsig.o ABSOLUTE
    ../clib/stdlib.c                         0x00000000   Number         0  exit.o ABSOLUTE
    ../clib/string.c                         0x00000000   Number         0  strlen.o ABSOLUTE
    ../fplib/cfplib/dmul.c                   0x00000000   Number         0  dmul.o ABSOLUTE
    ../fplib/cfplib/ffix.c                   0x00000000   Number         0  dfixi.o ABSOLUTE
    ../fplib/cfplib/fflt.c                   0x00000000   Number         0  dflti.o ABSOLUTE
    ../fplib/cfplib/fpinit.c                 0x00000000   Number         0  fpinit.o ABSOLUTE
    ../fplib/usenofp.s                       0x00000000   Number         0  usenofp.o ABSOLUTE
    RTE/Device/MKL25Z128xxx4/startup_MKL25Z4.s 0x00000000   Number         0  startup_mkl25z4.o ABSOLUTE
    dc.s                                     0x00000000   Number         0  dc.o ABSOLUTE
    lcd.c                                    0x00000000   Number         0  lcd.o ABSOLUTE
    main.c                                   0x00000000   Number         0  main.o ABSOLUTE
    system_MKL25Z4.c                         0x00000000   Number         0  system_mkl25z4.o ABSOLUTE
    ultrasonic_on_lcd.c                      0x00000000   Number         0  ultrasonic_on_lcd.o ABSOLUTE
    RESET                                    0x00000000   Section      192  startup_mkl25z4.o(RESET)
    !!!main                                  0x000000c0   Section        8  __main.o(!!!main)
    !!!scatter                               0x000000c8   Section       60  __scatter.o(!!!scatter)
    !!handler_zi                             0x00000104   Section       28  __scatter_zi.o(!!handler_zi)
    .ARM.Collect$$_printf_percent$$00000000  0x00000120   Section        2  _printf_percent.o(.ARM.Collect$$_printf_percent$$00000000)
    .ARM.Collect$$_printf_percent$$00000009  0x00000122   Section       10  _printf_d.o(.ARM.Collect$$_printf_percent$$00000009)
    .ARM.Collect$$_printf_percent$$00000017  0x0000012c   Section        4  _printf_percent_end.o(.ARM.Collect$$_printf_percent$$00000017)
    .ARM.Collect$$libinit$$00000000          0x00000130   Section        2  libinit.o(.ARM.Collect$$libinit$$00000000)
    .ARM.Collect$$libinit$$00000002          0x00000132   Section        0  libinit2.o(.ARM.Collect$$libinit$$00000002)
    .ARM.Collect$$libinit$$00000004          0x00000132   Section        0  libinit2.o(.ARM.Collect$$libinit$$00000004)
    .ARM.Collect$$libinit$$0000000A          0x00000132   Section        0  libinit2.o(.ARM.Collect$$libinit$$0000000A)
    .ARM.Collect$$libinit$$0000000C          0x00000132   Section        0  libinit2.o(.ARM.Collect$$libinit$$0000000C)
    .ARM.Collect$$libinit$$0000000E          0x00000132   Section        0  libinit2.o(.ARM.Collect$$libinit$$0000000E)
    .ARM.Collect$$libinit$$00000011          0x00000132   Section        0  libinit2.o(.ARM.Collect$$libinit$$00000011)
    .ARM.Collect$$libinit$$00000013          0x00000132   Section        0  libinit2.o(.ARM.Collect$$libinit$$00000013)
    .ARM.Collect$$libinit$$00000015          0x00000132   Section        0  libinit2.o(.ARM.Collect$$libinit$$00000015)
    .ARM.Collect$$libinit$$00000017          0x00000132   Section        0  libinit2.o(.ARM.Collect$$libinit$$00000017)
    .ARM.Collect$$libinit$$00000019          0x00000132   Section        0  libinit2.o(.ARM.Collect$$libinit$$00000019)
    .ARM.Collect$$libinit$$0000001B          0x00000132   Section        0  libinit2.o(.ARM.Collect$$libinit$$0000001B)
    .ARM.Collect$$libinit$$0000001D          0x00000132   Section        0  libinit2.o(.ARM.Collect$$libinit$$0000001D)
    .ARM.Collect$$libinit$$0000001F          0x00000132   Section        0  libinit2.o(.ARM.Collect$$libinit$$0000001F)
    .ARM.Collect$$libinit$$00000021          0x00000132   Section        0  libinit2.o(.ARM.Collect$$libinit$$00000021)
    .ARM.Collect$$libinit$$00000023          0x00000132   Section        0  libinit2.o(.ARM.Collect$$libinit$$00000023)
    .ARM.Collect$$libinit$$00000025          0x00000132   Section        0  libinit2.o(.ARM.Collect$$libinit$$00000025)
    .ARM.Collect$$libinit$$0000002C          0x00000132   Section        0  libinit2.o(.ARM.Collect$$libinit$$0000002C)
    .ARM.Collect$$libinit$$0000002E          0x00000132   Section        0  libinit2.o(.ARM.Collect$$libinit$$0000002E)
    .ARM.Collect$$libinit$$00000030          0x00000132   Section        0  libinit2.o(.ARM.Collect$$libinit$$00000030)
    .ARM.Collect$$libinit$$00000032          0x00000132   Section        0  libinit2.o(.ARM.Collect$$libinit$$00000032)
    .ARM.Collect$$libinit$$00000033          0x00000132   Section        2  libinit2.o(.ARM.Collect$$libinit$$00000033)
    .ARM.Collect$$libshutdown$$00000000      0x00000134   Section        2  libshutdown.o(.ARM.Collect$$libshutdown$$00000000)
    .ARM.Collect$$libshutdown$$00000002      0x00000136   Section        0  libshutdown2.o(.ARM.Collect$$libshutdown$$00000002)
    .ARM.Collect$$libshutdown$$00000004      0x00000136   Section        0  libshutdown2.o(.ARM.Collect$$libshutdown$$00000004)
    .ARM.Collect$$libshutdown$$00000007      0x00000136   Section        0  libshutdown2.o(.ARM.Collect$$libshutdown$$00000007)
    .ARM.Collect$$libshutdown$$0000000A      0x00000136   Section        0  libshutdown2.o(.ARM.Collect$$libshutdown$$0000000A)
    .ARM.Collect$$libshutdown$$0000000C      0x00000136   Section        0  libshutdown2.o(.ARM.Collect$$libshutdown$$0000000C)
    .ARM.Collect$$libshutdown$$0000000F      0x00000136   Section        0  libshutdown2.o(.ARM.Collect$$libshutdown$$0000000F)
    .ARM.Collect$$libshutdown$$00000010      0x00000136   Section        2  libshutdown2.o(.ARM.Collect$$libshutdown$$00000010)
    .ARM.Collect$$rtentry$$00000000          0x00000138   Section        0  __rtentry.o(.ARM.Collect$$rtentry$$00000000)
    .ARM.Collect$$rtentry$$00000002          0x00000138   Section        0  __rtentry2.o(.ARM.Collect$$rtentry$$00000002)
    .ARM.Collect$$rtentry$$00000004          0x00000138   Section        6  __rtentry4.o(.ARM.Collect$$rtentry$$00000004)
    .ARM.Collect$$rtentry$$00000009          0x0000013e   Section        0  __rtentry2.o(.ARM.Collect$$rtentry$$00000009)
    .ARM.Collect$$rtentry$$0000000A          0x0000013e   Section        4  __rtentry2.o(.ARM.Collect$$rtentry$$0000000A)
    .ARM.Collect$$rtentry$$0000000C          0x00000142   Section        0  __rtentry2.o(.ARM.Collect$$rtentry$$0000000C)
    .ARM.Collect$$rtentry$$0000000D          0x00000142   Section        8  __rtentry2.o(.ARM.Collect$$rtentry$$0000000D)
    .ARM.Collect$$rtexit$$00000000           0x0000014a   Section        2  rtexit.o(.ARM.Collect$$rtexit$$00000000)
    .ARM.Collect$$rtexit$$00000002           0x0000014c   Section        0  rtexit2.o(.ARM.Collect$$rtexit$$00000002)
    .ARM.Collect$$rtexit$$00000003           0x0000014c   Section        4  rtexit2.o(.ARM.Collect$$rtexit$$00000003)
    .ARM.Collect$$rtexit$$00000004           0x00000150   Section        6  rtexit2.o(.ARM.Collect$$rtexit$$00000004)
    .text                                    0x00000158   Section       64  startup_mkl25z4.o(.text)
    .text                                    0x00000198   Section        0  noretval__2sprintf.o(.text)
    .text                                    0x000001c0   Section        0  __printf.o(.text)
    .text                                    0x0000022c   Section        0  _printf_dec.o(.text)
    .text                                    0x00000298   Section        0  heapauxi.o(.text)
    .text                                    0x000002a0   Section        0  dfixi.o(.text)
    .text                                    0x0000030c   Section        0  dflti.o(.text)
    _printf_input_char                       0x00000365   Thumb Code    10  _printf_char_common.o(.text)
    .text                                    0x00000364   Section        0  _printf_char_common.o(.text)
    .text                                    0x00000394   Section        0  _sputc.o(.text)
    .text                                    0x0000039e   Section        0  rtudiv10.o(.text)
    .text                                    0x000003c6   Section        0  exit.o(.text)
    .text                                    0x000003d8   Section        8  libspace.o(.text)
    .text                                    0x000003e0   Section        0  sys_exit.o(.text)
    .text                                    0x000003ec   Section        2  use_no_semi.o(.text)
    .text                                    0x000003ee   Section        0  indicate_semi.o(.text)
    [Anonymous Symbol]                       0x000003f0   Section        0  system_mkl25z4.o(.text.SystemInit)
    __arm_cp.0_0                             0x000003f8   Number         4  system_mkl25z4.o(.text.SystemInit)
    x$fpl$usenofp                            0x000003fc   Section        0  usenofp.o(x$fpl$usenofp)
    .ARM.__at_0x400                          0x00000400   Section       16  startup_mkl25z4.o(.ARM.__at_0x400)
    .text                                    0x00000410   Section        0  dmul.o(.text)
    .text                                    0x00000658   Section        0  _printf_intcommon.o(.text)
    .text                                    0x00000708   Section       62  sys_stackheap_outer.o(.text)
    [Anonymous Symbol]                       0x00000748   Section        0  main.o(.text.TPM1_IRQHandler)
    __arm_cp.2_1                             0x000007a0   Number         4  main.o(.text.TPM1_IRQHandler)
    __arm_cp.2_2                             0x000007a4   Number         4  main.o(.text.TPM1_IRQHandler)
    __arm_cp.2_3                             0x000007a8   Number         4  main.o(.text.TPM1_IRQHandler)
    __arm_cp.2_4                             0x000007ac   Number         4  main.o(.text.TPM1_IRQHandler)
    __arm_cp.2_5                             0x000007b0   Number         4  main.o(.text.TPM1_IRQHandler)
    __arm_cp.2_6                             0x000007b4   Number         4  main.o(.text.TPM1_IRQHandler)
    __NVIC_ClearPendingIRQ                   0x000007b9   Thumb Code    12  ultrasonic_on_lcd.o(.text.__NVIC_ClearPendingIRQ)
    [Anonymous Symbol]                       0x000007b8   Section        0  ultrasonic_on_lcd.o(.text.__NVIC_ClearPendingIRQ)
    __arm_cp.2_0                             0x000007c4   Number         4  ultrasonic_on_lcd.o(.text.__NVIC_ClearPendingIRQ)
    __NVIC_EnableIRQ                         0x000007c9   Thumb Code    12  ultrasonic_on_lcd.o(.text.__NVIC_EnableIRQ)
    [Anonymous Symbol]                       0x000007c8   Section        0  ultrasonic_on_lcd.o(.text.__NVIC_EnableIRQ)
    __arm_cp.4_0                             0x000007d4   Number         4  ultrasonic_on_lcd.o(.text.__NVIC_EnableIRQ)
    __NVIC_SetPriority                       0x000007d9   Thumb Code    20  ultrasonic_on_lcd.o(.text.__NVIC_SetPriority)
    [Anonymous Symbol]                       0x000007d8   Section        0  ultrasonic_on_lcd.o(.text.__NVIC_SetPriority)
    __arm_cp.3_0                             0x000007ec   Number         4  ultrasonic_on_lcd.o(.text.__NVIC_SetPriority)
    [Anonymous Symbol]                       0x000007f0   Section        0  lcd.o(.text.init_lcd_pins)
    __arm_cp.0_1                             0x000008d0   Number         4  lcd.o(.text.init_lcd_pins)
    __arm_cp.0_3                             0x000008d4   Number         4  lcd.o(.text.init_lcd_pins)
    __arm_cp.0_4                             0x000008d8   Number         4  lcd.o(.text.init_lcd_pins)
    __arm_cp.0_5                             0x000008dc   Number         4  lcd.o(.text.init_lcd_pins)
    __arm_cp.0_6                             0x000008e0   Number         4  lcd.o(.text.init_lcd_pins)
    [Anonymous Symbol]                       0x000008e4   Section        0  ultrasonic_on_lcd.o(.text.init_pins)
    __arm_cp.0_0                             0x00000918   Number         4  ultrasonic_on_lcd.o(.text.init_pins)
    __arm_cp.0_1                             0x0000091c   Number         4  ultrasonic_on_lcd.o(.text.init_pins)
    __arm_cp.0_2                             0x00000920   Number         4  ultrasonic_on_lcd.o(.text.init_pins)
    __arm_cp.0_3                             0x00000924   Number         4  ultrasonic_on_lcd.o(.text.init_pins)
    [Anonymous Symbol]                       0x00000928   Section        0  ultrasonic_on_lcd.o(.text.init_timer)
    __arm_cp.1_0                             0x00000994   Number         4  ultrasonic_on_lcd.o(.text.init_timer)
    __arm_cp.1_1                             0x00000998   Number         4  ultrasonic_on_lcd.o(.text.init_timer)
    __arm_cp.1_2                             0x0000099c   Number         4  ultrasonic_on_lcd.o(.text.init_timer)
    __arm_cp.1_3                             0x000009a0   Number         4  ultrasonic_on_lcd.o(.text.init_timer)
    [Anonymous Symbol]                       0x000009a4   Section        0  lcd.o(.text.lcd_clear)
    [Anonymous Symbol]                       0x000009b4   Section        0  lcd.o(.text.lcd_goto)
    [Anonymous Symbol]                       0x000009d0   Section        0  lcd.o(.text.lcd_init)
    [Anonymous Symbol]                       0x000009e8   Section        0  lcd.o(.text.lcd_write_char)
    [Anonymous Symbol]                       0x00000a10   Section        0  lcd.o(.text.lcd_write_instruc)
    __arm_cp.2_0                             0x00000a38   Number         4  lcd.o(.text.lcd_write_instruc)
    [Anonymous Symbol]                       0x00000a3c   Section        0  lcd.o(.text.lcd_write_string)
    [Anonymous Symbol]                       0x00000a58   Section        0  main.o(.text.main)
    __arm_cp.1_2                             0x00000c4c   Number         4  main.o(.text.main)
    __arm_cp.1_3                             0x00000c50   Number         4  main.o(.text.main)
    __arm_cp.1_4                             0x00000c54   Number         4  main.o(.text.main)
    __arm_cp.1_5                             0x00000c58   Number         4  main.o(.text.main)
    __arm_cp.1_6                             0x00000c5c   Number         4  main.o(.text.main)
    __arm_cp.1_7                             0x00000c60   Number         4  main.o(.text.main)
    __arm_cp.1_8                             0x00000c64   Number         4  main.o(.text.main)
    __arm_cp.1_9                             0x00000c68   Number         4  main.o(.text.main)
    __arm_cp.1_10                            0x00000c6c   Number         4  main.o(.text.main)
    __arm_cp.1_11                            0x00000c70   Number         4  main.o(.text.main)
    __arm_cp.1_12                            0x00000c74   Number         4  main.o(.text.main)
    __arm_cp.1_13                            0x00000c78   Number         4  main.o(.text.main)
    __arm_cp.1_14                            0x00000c7c   Number         4  main.o(.text.main)
    __arm_cp.1_15                            0x00000c80   Number         4  main.o(.text.main)
    __arm_cp.1_16                            0x00000c84   Number         4  main.o(.text.main)
    __arm_cp.1_17                            0x00000c88   Number         4  main.o(.text.main)
    __arm_cp.1_18                            0x00000c8c   Number         4  main.o(.text.main)
    __arm_cp.1_19                            0x00000c90   Number         4  main.o(.text.main)
    __arm_cp.1_20                            0x00000c94   Number         4  main.o(.text.main)
    __arm_cp.1_21                            0x00000c98   Number         4  main.o(.text.main)
    __arm_cp.1_22                            0x00000c9c   Number         4  main.o(.text.main)
    __arm_cp.1_24                            0x00000cb4   Number         4  main.o(.text.main)
    __arm_cp.1_26                            0x00000cc8   Number         4  main.o(.text.main)
    write_to_data_pins                       0x00000ccd   Thumb Code   184  lcd.o(.text.write_to_data_pins)
    [Anonymous Symbol]                       0x00000ccc   Section        0  lcd.o(.text.write_to_data_pins)
    __arm_cp.3_0                             0x00000d84   Number         4  lcd.o(.text.write_to_data_pins)
    __arm_cp.3_1                             0x00000d88   Number         4  lcd.o(.text.write_to_data_pins)
    .bss                                     0x1ffff000   Section       96  libspace.o(.bss)
    TPM1_IRQHandler.ctr                      0x1ffff060   Data           4  main.o(.bss.TPM1_IRQHandler.ctr)
    [Anonymous Symbol]                       0x1ffff060   Section        0  main.o(.bss.TPM1_IRQHandler.ctr)
    TPM1_IRQHandler.previous                 0x1ffff064   Data           4  main.o(.bss.TPM1_IRQHandler.previous)
    [Anonymous Symbol]                       0x1ffff064   Section        0  main.o(.bss.TPM1_IRQHandler.previous)
    Heap_Mem                                 0x1ffff0a8   Data           0  startup_mkl25z4.o(HEAP)
    Stack_Mem                                0x1ffff0a8   Data         256  startup_mkl25z4.o(STACK)
    HEAP                                     0x1ffff0a8   Section        0  startup_mkl25z4.o(HEAP)
    STACK                                    0x1ffff0a8   Section      256  startup_mkl25z4.o(STACK)
    __initial_sp                             0x1ffff1a8   Data           0  startup_mkl25z4.o(STACK)

    Global Symbols

    Symbol Name                              Value     Ov Type        Size  Object(Section)

    BuildAttributes$$THM_ISAv3M$S$PE$A:L22$X:L11$S22$IEEE1$IW$~IW$USESV6$~STKCKD$USESV7$~SHL$OTIME$ROPI$EBA8$UX$STANDARDLIB$REQ8$PRES8$EABIv2 0x00000000   Number         0  anon$$obj.o ABSOLUTE
    __Vectors                                0x00000000   Data           4  startup_mkl25z4.o(RESET)
    __ARM_exceptions_init                     - Undefined Weak Reference
    __alloca_initialize                       - Undefined Weak Reference
    __arm_preinit_                            - Undefined Weak Reference
    __cpp_initialize__aeabi_                  - Undefined Weak Reference
    __cxa_finalize                            - Undefined Weak Reference
    __rt_locale                               - Undefined Weak Reference
    __sigvec_lookup                           - Undefined Weak Reference
    _atexit_init                              - Undefined Weak Reference
    _call_atexit_fns                          - Undefined Weak Reference
    _clock_init                               - Undefined Weak Reference
    _fp_trap_init                             - Undefined Weak Reference
    _fp_trap_shutdown                         - Undefined Weak Reference
    _get_lc_collate                           - Undefined Weak Reference
    _get_lc_ctype                             - Undefined Weak Reference
    _get_lc_monetary                          - Undefined Weak Reference
    _get_lc_numeric                           - Undefined Weak Reference
    _get_lc_time                              - Undefined Weak Reference
    _getenv_init                              - Undefined Weak Reference
    _handle_redirection                       - Undefined Weak Reference
    _init_alloc                               - Undefined Weak Reference
    _init_user_alloc                          - Undefined Weak Reference
    _initio                                   - Undefined Weak Reference
    _printf_post_padding                      - Undefined Weak Reference
    _printf_pre_padding                       - Undefined Weak Reference
    _printf_truncate_signed                   - Undefined Weak Reference
    _printf_truncate_unsigned                 - Undefined Weak Reference
    _rand_init                                - Undefined Weak Reference
    _signal_finish                            - Undefined Weak Reference
    _signal_init                              - Undefined Weak Reference
    _terminate_alloc                          - Undefined Weak Reference
    _terminate_user_alloc                     - Undefined Weak Reference
    _terminateio                              - Undefined Weak Reference
    __Vectors_End                            0x000000c0   Data           0  startup_mkl25z4.o(RESET)
    __Vectors_Size                           0x000000c0   Number         0  startup_mkl25z4.o ABSOLUTE
    __main                                   0x000000c1   Thumb Code     8  __main.o(!!!main)
    __scatterload                            0x000000c9   Thumb Code     0  __scatter.o(!!!scatter)
    __scatterload_rt2                        0x000000c9   Thumb Code    52  __scatter.o(!!!scatter)
    __scatterload_rt2_thumb_only             0x000000c9   Thumb Code     0  __scatter.o(!!!scatter)
    __scatterload_null                       0x000000d9   Thumb Code     0  __scatter.o(!!!scatter)
    __scatterload_zeroinit                   0x00000105   Thumb Code    28  __scatter_zi.o(!!handler_zi)
    _printf_percent                          0x00000121   Thumb Code     0  _printf_percent.o(.ARM.Collect$$_printf_percent$$00000000)
    _printf_d                                0x00000123   Thumb Code     0  _printf_d.o(.ARM.Collect$$_printf_percent$$00000009)
    _printf_percent_end                      0x0000012d   Thumb Code     0  _printf_percent_end.o(.ARM.Collect$$_printf_percent$$00000017)
    __rt_lib_init                            0x00000131   Thumb Code     0  libinit.o(.ARM.Collect$$libinit$$00000000)
    __rt_lib_init_alloca_1                   0x00000133   Thumb Code     0  libinit2.o(.ARM.Collect$$libinit$$0000002E)
    __rt_lib_init_argv_1                     0x00000133   Thumb Code     0  libinit2.o(.ARM.Collect$$libinit$$0000002C)
    __rt_lib_init_atexit_1                   0x00000133   Thumb Code     0  libinit2.o(.ARM.Collect$$libinit$$0000001B)
    __rt_lib_init_clock_1                    0x00000133   Thumb Code     0  libinit2.o(.ARM.Collect$$libinit$$00000021)
    __rt_lib_init_cpp_1                      0x00000133   Thumb Code     0  libinit2.o(.ARM.Collect$$libinit$$00000032)
    __rt_lib_init_exceptions_1               0x00000133   Thumb Code     0  libinit2.o(.ARM.Collect$$libinit$$00000030)
    __rt_lib_init_fp_1                       0x00000133   Thumb Code     0  libinit2.o(.ARM.Collect$$libinit$$00000002)
    __rt_lib_init_fp_trap_1                  0x00000133   Thumb Code     0  libinit2.o(.ARM.Collect$$libinit$$0000001F)
    __rt_lib_init_getenv_1                   0x00000133   Thumb Code     0  libinit2.o(.ARM.Collect$$libinit$$00000023)
    __rt_lib_init_heap_1                     0x00000133   Thumb Code     0  libinit2.o(.ARM.Collect$$libinit$$0000000A)
    __rt_lib_init_lc_collate_1               0x00000133   Thumb Code     0  libinit2.o(.ARM.Collect$$libinit$$00000011)
    __rt_lib_init_lc_ctype_1                 0x00000133   Thumb Code     0  libinit2.o(.ARM.Collect$$libinit$$00000013)
    __rt_lib_init_lc_monetary_1              0x00000133   Thumb Code     0  libinit2.o(.ARM.Collect$$libinit$$00000015)
    __rt_lib_init_lc_numeric_1               0x00000133   Thumb Code     0  libinit2.o(.ARM.Collect$$libinit$$00000017)
    __rt_lib_init_lc_time_1                  0x00000133   Thumb Code     0  libinit2.o(.ARM.Collect$$libinit$$00000019)
    __rt_lib_init_preinit_1                  0x00000133   Thumb Code     0  libinit2.o(.ARM.Collect$$libinit$$00000004)
    __rt_lib_init_rand_1                     0x00000133   Thumb Code     0  libinit2.o(.ARM.Collect$$libinit$$0000000E)
    __rt_lib_init_return                     0x00000133   Thumb Code     0  libinit2.o(.ARM.Collect$$libinit$$00000033)
    __rt_lib_init_signal_1                   0x00000133   Thumb Code     0  libinit2.o(.ARM.Collect$$libinit$$0000001D)
    __rt_lib_init_stdio_1                    0x00000133   Thumb Code     0  libinit2.o(.ARM.Collect$$libinit$$00000025)
    __rt_lib_init_user_alloc_1               0x00000133   Thumb Code     0  libinit2.o(.ARM.Collect$$libinit$$0000000C)
    __rt_lib_shutdown                        0x00000135   Thumb Code     0  libshutdown.o(.ARM.Collect$$libshutdown$$00000000)
    __rt_lib_shutdown_cpp_1                  0x00000137   Thumb Code     0  libshutdown2.o(.ARM.Collect$$libshutdown$$00000002)
    __rt_lib_shutdown_fp_trap_1              0x00000137   Thumb Code     0  libshutdown2.o(.ARM.Collect$$libshutdown$$00000007)
    __rt_lib_shutdown_heap_1                 0x00000137   Thumb Code     0  libshutdown2.o(.ARM.Collect$$libshutdown$$0000000F)
    __rt_lib_shutdown_return                 0x00000137   Thumb Code     0  libshutdown2.o(.ARM.Collect$$libshutdown$$00000010)
    __rt_lib_shutdown_signal_1               0x00000137   Thumb Code     0  libshutdown2.o(.ARM.Collect$$libshutdown$$0000000A)
    __rt_lib_shutdown_stdio_1                0x00000137   Thumb Code     0  libshutdown2.o(.ARM.Collect$$libshutdown$$00000004)
    __rt_lib_shutdown_user_alloc_1           0x00000137   Thumb Code     0  libshutdown2.o(.ARM.Collect$$libshutdown$$0000000C)
    __rt_entry                               0x00000139   Thumb Code     0  __rtentry.o(.ARM.Collect$$rtentry$$00000000)
    __rt_entry_presh_1                       0x00000139   Thumb Code     0  __rtentry2.o(.ARM.Collect$$rtentry$$00000002)
    __rt_entry_sh                            0x00000139   Thumb Code     0  __rtentry4.o(.ARM.Collect$$rtentry$$00000004)
    __rt_entry_li                            0x0000013f   Thumb Code     0  __rtentry2.o(.ARM.Collect$$rtentry$$0000000A)
    __rt_entry_postsh_1                      0x0000013f   Thumb Code     0  __rtentry2.o(.ARM.Collect$$rtentry$$00000009)
    __rt_entry_main                          0x00000143   Thumb Code     0  __rtentry2.o(.ARM.Collect$$rtentry$$0000000D)
    __rt_entry_postli_1                      0x00000143   Thumb Code     0  __rtentry2.o(.ARM.Collect$$rtentry$$0000000C)
    __rt_exit                                0x0000014b   Thumb Code     0  rtexit.o(.ARM.Collect$$rtexit$$00000000)
    __rt_exit_ls                             0x0000014d   Thumb Code     0  rtexit2.o(.ARM.Collect$$rtexit$$00000003)
    __rt_exit_prels_1                        0x0000014d   Thumb Code     0  rtexit2.o(.ARM.Collect$$rtexit$$00000002)
    __rt_exit_exit                           0x00000151   Thumb Code     0  rtexit2.o(.ARM.Collect$$rtexit$$00000004)
    Reset_Handler                            0x00000159   Thumb Code    12  startup_mkl25z4.o(.text)
    NMI_Handler                              0x00000165   Thumb Code     2  startup_mkl25z4.o(.text)
    HardFault_Handler                        0x00000167   Thumb Code     2  startup_mkl25z4.o(.text)
    SVC_Handler                              0x00000169   Thumb Code     2  startup_mkl25z4.o(.text)
    PendSV_Handler                           0x0000016b   Thumb Code     2  startup_mkl25z4.o(.text)
    SysTick_Handler                          0x0000016d   Thumb Code     2  startup_mkl25z4.o(.text)
    ADC0_IRQHandler                          0x0000016f   Thumb Code     0  startup_mkl25z4.o(.text)
    CMP0_IRQHandler                          0x0000016f   Thumb Code     0  startup_mkl25z4.o(.text)
    DAC0_IRQHandler                          0x0000016f   Thumb Code     0  startup_mkl25z4.o(.text)
    DMA0_IRQHandler                          0x0000016f   Thumb Code     0  startup_mkl25z4.o(.text)
    DMA1_IRQHandler                          0x0000016f   Thumb Code     0  startup_mkl25z4.o(.text)
    DMA2_IRQHandler                          0x0000016f   Thumb Code     0  startup_mkl25z4.o(.text)
    DMA3_IRQHandler                          0x0000016f   Thumb Code     0  startup_mkl25z4.o(.text)
    DefaultISR                               0x0000016f   Thumb Code     0  startup_mkl25z4.o(.text)
    FTFA_IRQHandler                          0x0000016f   Thumb Code     0  startup_mkl25z4.o(.text)
    I2C0_IRQHandler                          0x0000016f   Thumb Code     0  startup_mkl25z4.o(.text)
    I2C1_IRQHandler                          0x0000016f   Thumb Code     0  startup_mkl25z4.o(.text)
    LLWU_IRQHandler                          0x0000016f   Thumb Code     0  startup_mkl25z4.o(.text)
    LPTMR0_IRQHandler                        0x0000016f   Thumb Code     0  startup_mkl25z4.o(.text)
    LVD_LVW_IRQHandler                       0x0000016f   Thumb Code     0  startup_mkl25z4.o(.text)
    MCG_IRQHandler                           0x0000016f   Thumb Code     0  startup_mkl25z4.o(.text)
    PIT_IRQHandler                           0x0000016f   Thumb Code     0  startup_mkl25z4.o(.text)
    PORTA_IRQHandler                         0x0000016f   Thumb Code     0  startup_mkl25z4.o(.text)
    PORTD_IRQHandler                         0x0000016f   Thumb Code     0  startup_mkl25z4.o(.text)
    RTC_IRQHandler                           0x0000016f   Thumb Code     0  startup_mkl25z4.o(.text)
    RTC_Seconds_IRQHandler                   0x0000016f   Thumb Code     0  startup_mkl25z4.o(.text)
    Reserved20_IRQHandler                    0x0000016f   Thumb Code     0  startup_mkl25z4.o(.text)
    Reserved39_IRQHandler                    0x0000016f   Thumb Code     0  startup_mkl25z4.o(.text)
    Reserved45_IRQHandler                    0x0000016f   Thumb Code     0  startup_mkl25z4.o(.text)
    SPI0_IRQHandler                          0x0000016f   Thumb Code     0  startup_mkl25z4.o(.text)
    SPI1_IRQHandler                          0x0000016f   Thumb Code     0  startup_mkl25z4.o(.text)
    TPM0_IRQHandler                          0x0000016f   Thumb Code     0  startup_mkl25z4.o(.text)
    TPM2_IRQHandler                          0x0000016f   Thumb Code     0  startup_mkl25z4.o(.text)
    TSI0_IRQHandler                          0x0000016f   Thumb Code     0  startup_mkl25z4.o(.text)
    UART0_IRQHandler                         0x0000016f   Thumb Code     0  startup_mkl25z4.o(.text)
    UART1_IRQHandler                         0x0000016f   Thumb Code     0  startup_mkl25z4.o(.text)
    UART2_IRQHandler                         0x0000016f   Thumb Code     0  startup_mkl25z4.o(.text)
    USB0_IRQHandler                          0x0000016f   Thumb Code     0  startup_mkl25z4.o(.text)
    __user_initial_stackheap                 0x00000175   Thumb Code     0  startup_mkl25z4.o(.text)
    __2sprintf                               0x00000199   Thumb Code    36  noretval__2sprintf.o(.text)
    __printf                                 0x000001c1   Thumb Code   108  __printf.o(.text)
    _printf_int_dec                          0x0000022d   Thumb Code    90  _printf_dec.o(.text)
    __use_two_region_memory                  0x00000299   Thumb Code     2  heapauxi.o(.text)
    __rt_heap_escrow$2region                 0x0000029b   Thumb Code     2  heapauxi.o(.text)
    __rt_heap_expand$2region                 0x0000029d   Thumb Code     2  heapauxi.o(.text)
    __aeabi_d2iz                             0x000002a1   Thumb Code     0  dfixi.o(.text)
    _dfix                                    0x000002a1   Thumb Code    98  dfixi.o(.text)
    __aeabi_i2d_normalise                    0x0000030d   Thumb Code    66  dflti.o(.text)
    __aeabi_i2d                              0x0000034f   Thumb Code    16  dflti.o(.text)
    _dflt                                    0x0000034f   Thumb Code     0  dflti.o(.text)
    __aeabi_ui2d                             0x0000035f   Thumb Code     6  dflti.o(.text)
    _dfltu                                   0x0000035f   Thumb Code     0  dflti.o(.text)
    _printf_char_common                      0x0000036f   Thumb Code    32  _printf_char_common.o(.text)
    _sputc                                   0x00000395   Thumb Code    10  _sputc.o(.text)
    __rt_udiv10                              0x0000039f   Thumb Code    40  rtudiv10.o(.text)
    exit                                     0x000003c7   Thumb Code    16  exit.o(.text)
    __user_libspace                          0x000003d9   Thumb Code     8  libspace.o(.text)
    __user_perproc_libspace                  0x000003d9   Thumb Code     0  libspace.o(.text)
    __user_perthread_libspace                0x000003d9   Thumb Code     0  libspace.o(.text)
    _sys_exit                                0x000003e1   Thumb Code     8  sys_exit.o(.text)
    __I$use$semihosting                      0x000003ed   Thumb Code     0  use_no_semi.o(.text)
    __use_no_semihosting_swi                 0x000003ed   Thumb Code     2  use_no_semi.o(.text)
    __semihosting_library_function           0x000003ef   Thumb Code     0  indicate_semi.o(.text)
    SystemInit                               0x000003f1   Thumb Code     8  system_mkl25z4.o(.text.SystemInit)
    __I$use$fp                               0x000003fc   Number         0  usenofp.o(x$fpl$usenofp)
    steps                                    0x000003fc   Data           4  main.o(.rodata.steps)
    __aeabi_dmul                             0x00000411   Thumb Code     0  dmul.o(.text)
    _dmul                                    0x00000411   Thumb Code   558  dmul.o(.text)
    _printf_int_common                       0x00000659   Thumb Code   176  _printf_intcommon.o(.text)
    __user_setup_stackheap                   0x00000709   Thumb Code    62  sys_stackheap_outer.o(.text)
    TPM1_IRQHandler                          0x00000749   Thumb Code    88  main.o(.text.TPM1_IRQHandler)
    init_lcd_pins                            0x000007f1   Thumb Code   224  lcd.o(.text.init_lcd_pins)
    init_pins                                0x000008e5   Thumb Code    52  ultrasonic_on_lcd.o(.text.init_pins)
    init_timer                               0x00000929   Thumb Code   108  ultrasonic_on_lcd.o(.text.init_timer)
    lcd_clear                                0x000009a5   Thumb Code    16  lcd.o(.text.lcd_clear)
    lcd_goto                                 0x000009b5   Thumb Code    28  lcd.o(.text.lcd_goto)
    lcd_init                                 0x000009d1   Thumb Code    22  lcd.o(.text.lcd_init)
    lcd_write_char                           0x000009e9   Thumb Code    40  lcd.o(.text.lcd_write_char)
    lcd_write_instruc                        0x00000a11   Thumb Code    40  lcd.o(.text.lcd_write_instruc)
    lcd_write_string                         0x00000a3d   Thumb Code    28  lcd.o(.text.lcd_write_string)
    main                                     0x00000a59   Thumb Code   460  main.o(.text.main)
    Region$$Table$$Base                      0x00000d8c   Number         0  anon$$obj.o(Region$$Table)
    Region$$Table$$Limit                     0x00000d9c   Number         0  anon$$obj.o(Region$$Table)
    __libspace_start                         0x1ffff000   Data          96  libspace.o(.bss)
    __temporary_stack_top$libspace           0x1ffff060   Data           0  libspace.o(.bss)
    buffer                                   0x1ffff068   Data          10  main.o(.bss.buffer)
    count                                    0x1ffff074   Data           4  main.o(.bss.count)
    current                                  0x1ffff078   Data           4  main.o(.bss.current)
    distance                                 0x1ffff07c   Data           4  main.o(.bss.distance)
    f                                        0x1ffff080   Data           4  main.o(.bss.f)
    finishflag                               0x1ffff084   Data           4  main.o(.bss.finishflag)
    i                                        0x1ffff088   Data           4  main.o(.bss.i)
    interval                                 0x1ffff08c   Data           4  main.o(.bss.interval)
    j                                        0x1ffff090   Data           4  main.o(.bss.j)
    m                                        0x1ffff094   Data           4  main.o(.bss.m)
    pompa                                    0x1ffff098   Data           4  main.o(.bss.pompa)
    previous                                 0x1ffff09c   Data           4  main.o(.bss.previous)
    temparea                                 0x1ffff0a0   Data           4  main.o(.bss.temparea)



==============================================================================

Memory Map of the image

  Image Entry point : 0x00000159

  Load Region LR_1 (Base: 0x00000000, Size: 0x00000d9c, Max: 0xffffffff, ABSOLUTE)

    Execution Region ER_RO (Exec base: 0x00000000, Load base: 0x00000000, Size: 0x00000d9c, Max: 0xffffffff, ABSOLUTE)

    Exec Addr    Load Addr    Size         Type   Attr      Idx    E Section Name        Object

    0x00000000   0x00000000   0x000000c0   Data   RO           93    RESET               startup_mkl25z4.o
    0x000000c0   0x000000c0   0x00000008   Code   RO          160  * !!!main             c_p.l(__main.o)
    0x000000c8   0x000000c8   0x0000003c   Code   RO          353    !!!scatter          c_p.l(__scatter.o)
    0x00000104   0x00000104   0x0000001c   Code   RO          355    !!handler_zi        c_p.l(__scatter_zi.o)
    0x00000120   0x00000120   0x00000002   Code   RO          147    .ARM.Collect$$_printf_percent$$00000000  c_p.l(_printf_percent.o)
    0x00000122   0x00000122   0x0000000a   Code   RO          146    .ARM.Collect$$_printf_percent$$00000009  c_p.l(_printf_d.o)
    0x0000012c   0x0000012c   0x00000004   Code   RO          179    .ARM.Collect$$_printf_percent$$00000017  c_p.l(_printf_percent_end.o)
    0x00000130   0x00000130   0x00000002   Code   RO          216    .ARM.Collect$$libinit$$00000000  c_p.l(libinit.o)
    0x00000132   0x00000132   0x00000000   Code   RO          230    .ARM.Collect$$libinit$$00000002  c_p.l(libinit2.o)
    0x00000132   0x00000132   0x00000000   Code   RO          232    .ARM.Collect$$libinit$$00000004  c_p.l(libinit2.o)
    0x00000132   0x00000132   0x00000000   Code   RO          235    .ARM.Collect$$libinit$$0000000A  c_p.l(libinit2.o)
    0x00000132   0x00000132   0x00000000   Code   RO          237    .ARM.Collect$$libinit$$0000000C  c_p.l(libinit2.o)
    0x00000132   0x00000132   0x00000000   Code   RO          239    .ARM.Collect$$libinit$$0000000E  c_p.l(libinit2.o)
    0x00000132   0x00000132   0x00000000   Code   RO          242    .ARM.Collect$$libinit$$00000011  c_p.l(libinit2.o)
    0x00000132   0x00000132   0x00000000   Code   RO          244    .ARM.Collect$$libinit$$00000013  c_p.l(libinit2.o)
    0x00000132   0x00000132   0x00000000   Code   RO          246    .ARM.Collect$$libinit$$00000015  c_p.l(libinit2.o)
    0x00000132   0x00000132   0x00000000   Code   RO          248    .ARM.Collect$$libinit$$00000017  c_p.l(libinit2.o)
    0x00000132   0x00000132   0x00000000   Code   RO          250    .ARM.Collect$$libinit$$00000019  c_p.l(libinit2.o)
    0x00000132   0x00000132   0x00000000   Code   RO          252    .ARM.Collect$$libinit$$0000001B  c_p.l(libinit2.o)
    0x00000132   0x00000132   0x00000000   Code   RO          254    .ARM.Collect$$libinit$$0000001D  c_p.l(libinit2.o)
    0x00000132   0x00000132   0x00000000   Code   RO          256    .ARM.Collect$$libinit$$0000001F  c_p.l(libinit2.o)
    0x00000132   0x00000132   0x00000000   Code   RO          258    .ARM.Collect$$libinit$$00000021  c_p.l(libinit2.o)
    0x00000132   0x00000132   0x00000000   Code   RO          260    .ARM.Collect$$libinit$$00000023  c_p.l(libinit2.o)
    0x00000132   0x00000132   0x00000000   Code   RO          262    .ARM.Collect$$libinit$$00000025  c_p.l(libinit2.o)
    0x00000132   0x00000132   0x00000000   Code   RO          266    .ARM.Collect$$libinit$$0000002C  c_p.l(libinit2.o)
    0x00000132   0x00000132   0x00000000   Code   RO          268    .ARM.Collect$$libinit$$0000002E  c_p.l(libinit2.o)
    0x00000132   0x00000132   0x00000000   Code   RO          270    .ARM.Collect$$libinit$$00000030  c_p.l(libinit2.o)
    0x00000132   0x00000132   0x00000000   Code   RO          272    .ARM.Collect$$libinit$$00000032  c_p.l(libinit2.o)
    0x00000132   0x00000132   0x00000002   Code   RO          273    .ARM.Collect$$libinit$$00000033  c_p.l(libinit2.o)
    0x00000134   0x00000134   0x00000002   Code   RO          308    .ARM.Collect$$libshutdown$$00000000  c_p.l(libshutdown.o)
    0x00000136   0x00000136   0x00000000   Code   RO          336    .ARM.Collect$$libshutdown$$00000002  c_p.l(libshutdown2.o)
    0x00000136   0x00000136   0x00000000   Code   RO          338    .ARM.Collect$$libshutdown$$00000004  c_p.l(libshutdown2.o)
    0x00000136   0x00000136   0x00000000   Code   RO          341    .ARM.Collect$$libshutdown$$00000007  c_p.l(libshutdown2.o)
    0x00000136   0x00000136   0x00000000   Code   RO          344    .ARM.Collect$$libshutdown$$0000000A  c_p.l(libshutdown2.o)
    0x00000136   0x00000136   0x00000000   Code   RO          346    .ARM.Collect$$libshutdown$$0000000C  c_p.l(libshutdown2.o)
    0x00000136   0x00000136   0x00000000   Code   RO          349    .ARM.Collect$$libshutdown$$0000000F  c_p.l(libshutdown2.o)
    0x00000136   0x00000136   0x00000002   Code   RO          350    .ARM.Collect$$libshutdown$$00000010  c_p.l(libshutdown2.o)
    0x00000138   0x00000138   0x00000000   Code   RO          168    .ARM.Collect$$rtentry$$00000000  c_p.l(__rtentry.o)
    0x00000138   0x00000138   0x00000000   Code   RO          184    .ARM.Collect$$rtentry$$00000002  c_p.l(__rtentry2.o)
    0x00000138   0x00000138   0x00000006   Code   RO          196    .ARM.Collect$$rtentry$$00000004  c_p.l(__rtentry4.o)
    0x0000013e   0x0000013e   0x00000000   Code   RO          186    .ARM.Collect$$rtentry$$00000009  c_p.l(__rtentry2.o)
    0x0000013e   0x0000013e   0x00000004   Code   RO          187    .ARM.Collect$$rtentry$$0000000A  c_p.l(__rtentry2.o)
    0x00000142   0x00000142   0x00000000   Code   RO          189    .ARM.Collect$$rtentry$$0000000C  c_p.l(__rtentry2.o)
    0x00000142   0x00000142   0x00000008   Code   RO          190    .ARM.Collect$$rtentry$$0000000D  c_p.l(__rtentry2.o)
    0x0000014a   0x0000014a   0x00000002   Code   RO          221    .ARM.Collect$$rtexit$$00000000  c_p.l(rtexit.o)
    0x0000014c   0x0000014c   0x00000000   Code   RO          279    .ARM.Collect$$rtexit$$00000002  c_p.l(rtexit2.o)
    0x0000014c   0x0000014c   0x00000004   Code   RO          280    .ARM.Collect$$rtexit$$00000003  c_p.l(rtexit2.o)
    0x00000150   0x00000150   0x00000006   Code   RO          281    .ARM.Collect$$rtexit$$00000004  c_p.l(rtexit2.o)
    0x00000156   0x00000156   0x00000002   PAD
    0x00000158   0x00000158   0x00000040   Code   RO           95  * .text               startup_mkl25z4.o
    0x00000198   0x00000198   0x00000028   Code   RO          120    .text               c_p.l(noretval__2sprintf.o)
    0x000001c0   0x000001c0   0x0000006c   Code   RO          122    .text               c_p.l(__printf.o)
    0x0000022c   0x0000022c   0x0000006c   Code   RO          124    .text               c_p.l(_printf_dec.o)
    0x00000298   0x00000298   0x00000006   Code   RO          158    .text               c_p.l(heapauxi.o)
    0x0000029e   0x0000029e   0x00000002   PAD
    0x000002a0   0x000002a0   0x0000006c   Code   RO          162    .text               fz_ps.l(dfixi.o)
    0x0000030c   0x0000030c   0x00000058   Code   RO          164    .text               fz_ps.l(dflti.o)
    0x00000364   0x00000364   0x00000030   Code   RO          175    .text               c_p.l(_printf_char_common.o)
    0x00000394   0x00000394   0x0000000a   Code   RO          177    .text               c_p.l(_sputc.o)
    0x0000039e   0x0000039e   0x00000028   Code   RO          180    .text               c_p.l(rtudiv10.o)
    0x000003c6   0x000003c6   0x00000010   Code   RO          205    .text               c_p.l(exit.o)
    0x000003d6   0x000003d6   0x00000002   PAD
    0x000003d8   0x000003d8   0x00000008   Code   RO          217    .text               c_p.l(libspace.o)
    0x000003e0   0x000003e0   0x0000000c   Code   RO          274    .text               c_p.l(sys_exit.o)
    0x000003ec   0x000003ec   0x00000002   Code   RO          297    .text               c_p.l(use_no_semi.o)
    0x000003ee   0x000003ee   0x00000000   Code   RO          299    .text               c_p.l(indicate_semi.o)
    0x000003ee   0x000003ee   0x00000002   PAD
    0x000003f0   0x000003f0   0x0000000c   Code   RO          104    .text.SystemInit    system_mkl25z4.o
    0x000003fc   0x000003fc   0x00000000   Code   RO          182    x$fpl$usenofp       fz_ps.l(usenofp.o)
    0x000003fc   0x000003fc   0x00000004   Data   RO           51    .rodata.steps       main.o
    0x00000400   0x00000400   0x00000010   Code   RO           94    .ARM.__at_0x400     startup_mkl25z4.o
    0x00000410   0x00000410   0x00000248   Code   RO          166    .text               fz_ps.l(dmul.o)
    0x00000658   0x00000658   0x000000b0   Code   RO          173    .text               c_p.l(_printf_intcommon.o)
    0x00000708   0x00000708   0x0000003e   Code   RO          202    .text               c_p.l(sys_stackheap_outer.o)
    0x00000746   0x00000746   0x00000002   PAD
    0x00000748   0x00000748   0x00000070   Code   RO           37    .text.TPM1_IRQHandler  main.o
    0x000007b8   0x000007b8   0x00000010   Code   RO           78    .text.__NVIC_ClearPendingIRQ  ultrasonic_on_lcd.o
    0x000007c8   0x000007c8   0x00000010   Code   RO           82    .text.__NVIC_EnableIRQ  ultrasonic_on_lcd.o
    0x000007d8   0x000007d8   0x00000018   Code   RO           80    .text.__NVIC_SetPriority  ultrasonic_on_lcd.o
    0x000007f0   0x000007f0   0x000000f4   Code   RO            2    .text.init_lcd_pins  lcd.o
    0x000008e4   0x000008e4   0x00000044   Code   RO           74    .text.init_pins     ultrasonic_on_lcd.o
    0x00000928   0x00000928   0x0000007c   Code   RO           76    .text.init_timer    ultrasonic_on_lcd.o
    0x000009a4   0x000009a4   0x00000010   Code   RO           14    .text.lcd_clear     lcd.o
    0x000009b4   0x000009b4   0x0000001c   Code   RO           16    .text.lcd_goto      lcd.o
    0x000009d0   0x000009d0   0x00000016   Code   RO           12    .text.lcd_init      lcd.o
    0x000009e6   0x000009e6   0x00000002   PAD
    0x000009e8   0x000009e8   0x00000028   Code   RO           10    .text.lcd_write_char  lcd.o
    0x00000a10   0x00000a10   0x0000002c   Code   RO            6    .text.lcd_write_instruc  lcd.o
    0x00000a3c   0x00000a3c   0x0000001c   Code   RO           18    .text.lcd_write_string  lcd.o
    0x00000a58   0x00000a58   0x00000274   Code   RO           35    .text.main          main.o
    0x00000ccc   0x00000ccc   0x000000c0   Code   RO            8    .text.write_to_data_pins  lcd.o
    0x00000d8c   0x00000d8c   0x00000010   Data   RO          352    Region$$Table       anon$$obj.o


    Execution Region ER_RW (Exec base: 0x1ffff000, Load base: 0x00000d9c, Size: 0x00000000, Max: 0xffffffff, ABSOLUTE)

    **** No section assigned to this execution region ****


    Execution Region ER_ZI (Exec base: 0x1ffff000, Load base: 0x00000d9c, Size: 0x000001a8, Max: 0xffffffff, ABSOLUTE)

    Exec Addr    Load Addr    Size         Type   Attr      Idx    E Section Name        Object

    0x1ffff000        -       0x00000060   Zero   RW          218    .bss                c_p.l(libspace.o)
    0x1ffff060        -       0x00000004   Zero   RW           59    .bss.TPM1_IRQHandler.ctr  main.o
    0x1ffff064        -       0x00000004   Zero   RW           60    .bss.TPM1_IRQHandler.previous  main.o
    0x1ffff068        -       0x0000000a   Zero   RW           57    .bss.buffer         main.o
    0x1ffff072   0x00000d9c   0x00000002   PAD
    0x1ffff074        -       0x00000004   Zero   RW           45    .bss.count          main.o
    0x1ffff078        -       0x00000004   Zero   RW           49    .bss.current        main.o
    0x1ffff07c        -       0x00000004   Zero   RW           54    .bss.distance       main.o
    0x1ffff080        -       0x00000004   Zero   RW           58    .bss.f              main.o
    0x1ffff084        -       0x00000004   Zero   RW           46    .bss.finishflag     main.o
    0x1ffff088        -       0x00000004   Zero   RW           52    .bss.i              main.o
    0x1ffff08c        -       0x00000004   Zero   RW           50    .bss.interval       main.o
    0x1ffff090        -       0x00000004   Zero   RW           53    .bss.j              main.o
    0x1ffff094        -       0x00000004   Zero   RW           56    .bss.m              main.o
    0x1ffff098        -       0x00000004   Zero   RW           47    .bss.pompa          main.o
    0x1ffff09c        -       0x00000004   Zero   RW           48    .bss.previous       main.o
    0x1ffff0a0        -       0x00000004   Zero   RW           55    .bss.temparea       main.o
    0x1ffff0a4   0x00000d9c   0x00000004   PAD
    0x1ffff0a8        -       0x00000000   Zero   RW           92    HEAP                startup_mkl25z4.o
    0x1ffff0a8        -       0x00000100   Zero   RW           91    STACK               startup_mkl25z4.o


==============================================================================

Image component sizes


      Code (inc. data)   RO Data    RW Data    ZI Data      Debug   Object Name

       614         32          0          0          0       4033   lcd.o
       740        192          4          0         66       3699   main.o
        80         44        192          0        256        868   startup_mkl25z4.o
        12          4          0          0          0       2528   system_mkl25z4.o
       248         44          0          0          0       3905   ultrasonic_on_lcd.o

    ----------------------------------------------------------------------
      1696        316        212          0        328      15033   Object Totals
         0          0         16          0          0          0   (incl. Generated)
         2          0          0          0          6          0   (incl. Padding)

    ----------------------------------------------------------------------

      Code (inc. data)   RO Data    RW Data    ZI Data      Debug   Library Member Name

         8          0          0          0          0         68   __main.o
       108          0          0          0          0         76   __printf.o
         0          0          0          0          0          0   __rtentry.o
        12          0          0          0          0          0   __rtentry2.o
         6          0          0          0          0          0   __rtentry4.o
        60          8          0          0          0          0   __scatter.o
        28          0          0          0          0          0   __scatter_zi.o
        48          6          0          0          0         88   _printf_char_common.o
        10          0          0          0          0          0   _printf_d.o
       108         18          0          0          0         76   _printf_dec.o
       176          0          0          0          0         84   _printf_intcommon.o
         2          0          0          0          0          0   _printf_percent.o
         4          0          0          0          0          0   _printf_percent_end.o
        10          0          0          0          0         60   _sputc.o
        16          0          0          0          0         68   exit.o
         6          0          0          0          0        136   heapauxi.o
         0          0          0          0          0          0   indicate_semi.o
         2          0          0          0          0          0   libinit.o
         2          0          0          0          0          0   libinit2.o
         2          0          0          0          0          0   libshutdown.o
         2          0          0          0          0          0   libshutdown2.o
         8          4          0          0         96         68   libspace.o
        40          4          0          0          0         84   noretval__2sprintf.o
         2          0          0          0          0          0   rtexit.o
        10          0          0          0          0          0   rtexit2.o
        40          0          0          0          0         60   rtudiv10.o
        12          4          0          0          0         60   sys_exit.o
        62          0          0          0          0         80   sys_stackheap_outer.o
         2          0          0          0          0         68   use_no_semi.o
       108         10          0          0          0         72   dfixi.o
        88          0          0          0          0         92   dflti.o
       584         26          0          0          0         84   dmul.o
         0          0          0          0          0          0   usenofp.o

    ----------------------------------------------------------------------
      1576         80          0          0         96       1324   Library Totals
        10          0          0          0          0          0   (incl. Padding)

    ----------------------------------------------------------------------

      Code (inc. data)   RO Data    RW Data    ZI Data      Debug   Library Name

       786         44          0          0         96       1076   c_p.l
       780         36          0          0          0        248   fz_ps.l

    ----------------------------------------------------------------------
      1576         80          0          0         96       1324   Library Totals

    ----------------------------------------------------------------------

==============================================================================


      Code (inc. data)   RO Data    RW Data    ZI Data      Debug   

      3272        396        212          0        424      15697   Grand Totals
      3272        396        212          0        424      15697   ELF Image Totals
      3272        396        212          0          0          0   ROM Totals

==============================================================================

    Total RO  Size (Code + RO Data)                 3484 (   3.40kB)
    Total RW  Size (RW Data + ZI Data)               424 (   0.41kB)
    Total ROM Size (Code + RO Data + RW Data)       3484 (   3.40kB)

==============================================================================

